ARM GAS  C:\Users\Lenovo\AppData\Local\Temp\ccDT8Sjz.s 			page 1


   1              		.syntax unified
   2              		.cpu cortex-m0
   3              		.fpu softvfp
   4              		.eabi_attribute 20, 1
   5              		.eabi_attribute 21, 1
   6              		.eabi_attribute 23, 3
   7              		.eabi_attribute 24, 1
   8              		.eabi_attribute 25, 1
   9              		.eabi_attribute 26, 1
  10              		.eabi_attribute 30, 1
  11              		.eabi_attribute 34, 0
  12              		.eabi_attribute 18, 4
  13              		.thumb
  14              		.syntax unified
  15              		.file	"debug.c"
  16              		.text
  17              	.Ltext0:
  18              		.cfi_sections	.debug_frame
  19              		.section	.text._write,"ax",%progbits
  20              		.align	2
  21              		.global	_write
  22              		.code	16
  23              		.thumb_func
  24              		.type	_write, %function
  25              	_write:
  26              	.LFB36:
  27              		.file 1 "debug.c"
   1:debug.c       **** /*******************************************************************************
   2:debug.c       **** * File Name: debug.c
   3:debug.c       **** *
   4:debug.c       **** * Version 1.10
   5:debug.c       **** *
   6:debug.c       **** * Description:
   7:debug.c       **** *  Common BLE application code for printout debug messages.
   8:debug.c       **** *
   9:debug.c       **** * Hardware Dependency:
  10:debug.c       **** *  CY8CKIT-042 BLE
  11:debug.c       **** *
  12:debug.c       **** ********************************************************************************
  13:debug.c       **** * Copyright 2018, Cypress Semiconductor Corporation.  All rights reserved.
  14:debug.c       **** * You may use this file only in accordance with the license, terms, conditions,
  15:debug.c       **** * disclaimers, and limitations in the end user license agreement accompanying
  16:debug.c       **** * the software package with which this file was provided.
  17:debug.c       **** *******************************************************************************/
  18:debug.c       **** 
  19:debug.c       **** #include "debug.h"
  20:debug.c       **** 
  21:debug.c       **** /* Profile specific includes */
  22:debug.c       **** #include "aios.h"
  23:debug.c       **** 
  24:debug.c       **** /***************************************
  25:debug.c       **** *      External data references
  26:debug.c       **** ***************************************/
  27:debug.c       ****  
  28:debug.c       **** #if defined(__ARMCC_VERSION)
  29:debug.c       **** 
  30:debug.c       **** /* For MDK/RVDS compiler, revise fputc function for printf functionality */
ARM GAS  C:\Users\Lenovo\AppData\Local\Temp\ccDT8Sjz.s 			page 2


  31:debug.c       **** struct __FILE
  32:debug.c       **** {
  33:debug.c       ****     int handle;
  34:debug.c       **** };
  35:debug.c       **** 
  36:debug.c       **** enum
  37:debug.c       **** {
  38:debug.c       ****     STDIN_HANDLE,
  39:debug.c       ****     STDOUT_HANDLE,
  40:debug.c       ****     STDERR_HANDLE
  41:debug.c       **** };
  42:debug.c       **** 
  43:debug.c       **** FILE __stdin = {STDIN_HANDLE};
  44:debug.c       **** FILE __stdout = {STDOUT_HANDLE};
  45:debug.c       **** FILE __stderr = {STDERR_HANDLE};
  46:debug.c       **** 
  47:debug.c       **** int fputc(int ch, FILE *file)
  48:debug.c       **** {
  49:debug.c       ****     int ret = EOF;
  50:debug.c       **** 
  51:debug.c       ****     switch( file->handle )
  52:debug.c       ****     {
  53:debug.c       ****         case STDOUT_HANDLE:
  54:debug.c       ****             UART_DEB_UartPutChar(ch);
  55:debug.c       ****             ret = ch ;
  56:debug.c       ****             break ;
  57:debug.c       **** 
  58:debug.c       ****         case STDERR_HANDLE:
  59:debug.c       ****             ret = ch ;
  60:debug.c       ****             break ;
  61:debug.c       **** 
  62:debug.c       ****         default:
  63:debug.c       ****             file = file;
  64:debug.c       ****             break ;
  65:debug.c       ****     }
  66:debug.c       ****     return ret ;
  67:debug.c       **** }
  68:debug.c       **** 
  69:debug.c       **** #elif defined (__ICCARM__)      /* IAR */
  70:debug.c       **** 
  71:debug.c       **** /* For IAR compiler, revise __write() function for printf functionality */
  72:debug.c       **** size_t __write(int handle, const unsigned char * buffer, size_t size)
  73:debug.c       **** {
  74:debug.c       ****     size_t nChars = 0;
  75:debug.c       **** 
  76:debug.c       ****     if (buffer == 0)
  77:debug.c       ****     {
  78:debug.c       ****         /*
  79:debug.c       ****          * This means that we should flush internal buffers.  Since we
  80:debug.c       ****          * don't, we just return.  (Remember, "handle" == -1 means that all
  81:debug.c       ****          * handles should be flushed.)
  82:debug.c       ****          */
  83:debug.c       ****         return (0);
  84:debug.c       ****     }
  85:debug.c       **** 
  86:debug.c       ****     for (/* Empty */; size != 0; --size)
  87:debug.c       ****     {
ARM GAS  C:\Users\Lenovo\AppData\Local\Temp\ccDT8Sjz.s 			page 3


  88:debug.c       ****         UART_DEB_UartPutChar(*buffer++);
  89:debug.c       ****         ++nChars;
  90:debug.c       ****     }
  91:debug.c       **** 
  92:debug.c       ****     return (nChars);
  93:debug.c       **** }
  94:debug.c       **** 
  95:debug.c       **** #else  /* (__GNUC__)  GCC */
  96:debug.c       **** 
  97:debug.c       **** /* For GCC compiler, revise _write() function for printf functionality */
  98:debug.c       **** int _write(int file, char *ptr, int len)
  99:debug.c       **** {
  28              		.loc 1 99 0
  29              		.cfi_startproc
  30              		@ args = 0, pretend = 0, frame = 0
  31              		@ frame_needed = 0, uses_anonymous_args = 0
  32              	.LVL0:
  33 0000 70B5     		push	{r4, r5, r6, lr}
  34              		.cfi_def_cfa_offset 16
  35              		.cfi_offset 4, -16
  36              		.cfi_offset 5, -12
  37              		.cfi_offset 6, -8
  38              		.cfi_offset 14, -4
  39 0002 1600     		movs	r6, r2
  40              	.LVL1:
 100:debug.c       ****     int x;
 101:debug.c       ****     file = file;
 102:debug.c       ****     for (x = 0; x < len; x++)
  41              		.loc 1 102 0
  42 0004 0024     		movs	r4, #0
  43 0006 05E0     		b	.L2
  44              	.LVL2:
  45              	.L3:
 103:debug.c       ****     {
 104:debug.c       ****         UART_DEB_UartPutChar(*ptr++);
  46              		.loc 1 104 0 discriminator 3
  47 0008 4D1C     		adds	r5, r1, #1
  48              	.LVL3:
  49 000a 0878     		ldrb	r0, [r1]
  50 000c FFF7FEFF 		bl	UART_DEB_SpiUartWriteTxData
  51              	.LVL4:
 102:debug.c       ****     {
  52              		.loc 1 102 0 discriminator 3
  53 0010 0134     		adds	r4, r4, #1
  54              	.LVL5:
  55              		.loc 1 104 0 discriminator 3
  56 0012 2900     		movs	r1, r5
  57              	.LVL6:
  58              	.L2:
 102:debug.c       ****     {
  59              		.loc 1 102 0 discriminator 1
  60 0014 B442     		cmp	r4, r6
  61 0016 F7DB     		blt	.L3
 105:debug.c       ****     }
 106:debug.c       ****     return len;
 107:debug.c       **** }
  62              		.loc 1 107 0
ARM GAS  C:\Users\Lenovo\AppData\Local\Temp\ccDT8Sjz.s 			page 4


  63 0018 3000     		movs	r0, r6
  64              		@ sp needed
  65              	.LVL7:
  66              	.LVL8:
  67 001a 70BD     		pop	{r4, r5, r6, pc}
  68              		.cfi_endproc
  69              	.LFE36:
  70              		.size	_write, .-_write
  71              		.section	.text.PrintStackVersion,"ax",%progbits
  72              		.align	2
  73              		.global	PrintStackVersion
  74              		.code	16
  75              		.thumb_func
  76              		.type	PrintStackVersion, %function
  77              	PrintStackVersion:
  78              	.LFB37:
 108:debug.c       **** 
 109:debug.c       **** #endif  /* (__ARMCC_VERSION) */
 110:debug.c       **** 
 111:debug.c       **** 
 112:debug.c       **** /*******************************************************************************
 113:debug.c       **** * Function Name: PrintStackVersion
 114:debug.c       **** ********************************************************************************
 115:debug.c       **** *
 116:debug.c       **** * Summary:
 117:debug.c       **** *   Prints the BLE Stack version if the PRINT_STACK_VERSION is defined.
 118:debug.c       **** *
 119:debug.c       **** * Parameters:
 120:debug.c       **** *   None.
 121:debug.c       **** *
 122:debug.c       **** * Return:
 123:debug.c       **** *   None.
 124:debug.c       **** *
 125:debug.c       **** *******************************************************************************/
 126:debug.c       **** void PrintStackVersion(void)
 127:debug.c       **** {
  79              		.loc 1 127 0
  80              		.cfi_startproc
  81              		@ args = 0, pretend = 0, frame = 8
  82              		@ frame_needed = 0, uses_anonymous_args = 0
  83 0000 00B5     		push	{lr}
  84              		.cfi_def_cfa_offset 4
  85              		.cfi_offset 14, -4
  86 0002 85B0     		sub	sp, sp, #20
  87              		.cfi_def_cfa_offset 24
 128:debug.c       ****     CYBLE_STACK_LIB_VERSION_T stackVersion;
 129:debug.c       ****       
 130:debug.c       ****     apiResult = CyBle_GetStackLibraryVersion(&stackVersion);
  88              		.loc 1 130 0
  89 0004 02A8     		add	r0, sp, #8
  90 0006 FFF7FEFF 		bl	CyBle_GetStackLibraryVersion
  91              	.LVL9:
  92 000a 0A4B     		ldr	r3, .L7
  93 000c 1880     		strh	r0, [r3]
 131:debug.c       ****     if(apiResult != CYBLE_ERROR_OK)
  94              		.loc 1 131 0
  95 000e 0028     		cmp	r0, #0
ARM GAS  C:\Users\Lenovo\AppData\Local\Temp\ccDT8Sjz.s 			page 5


  96 0010 04D0     		beq	.L5
 132:debug.c       ****     {
 133:debug.c       ****         DBG_PRINTF("CyBle_GetStackLibraryVersion API Error - %x ", apiResult);
  97              		.loc 1 133 0
  98 0012 0100     		movs	r1, r0
  99 0014 0848     		ldr	r0, .L7+4
 100 0016 FFF7FEFF 		bl	printf
 101              	.LVL10:
 102 001a 08E0     		b	.L4
 103              	.L5:
 134:debug.c       ****     }
 135:debug.c       ****     else
 136:debug.c       ****     {
 137:debug.c       ****         DBG_PRINTF("Stack Version: %d.%d.%d.%d \r\n", stackVersion.majorVersion, 
 104              		.loc 1 137 0
 105 001c 02A8     		add	r0, sp, #8
 106 001e 0188     		ldrh	r1, [r0]
 107 0020 4288     		ldrh	r2, [r0, #2]
 108 0022 8388     		ldrh	r3, [r0, #4]
 109 0024 C088     		ldrh	r0, [r0, #6]
 110 0026 0090     		str	r0, [sp]
 111 0028 0448     		ldr	r0, .L7+8
 112 002a FFF7FEFF 		bl	printf
 113              	.LVL11:
 114              	.L4:
 138:debug.c       ****             stackVersion.minorVersion, stackVersion.patch, stackVersion.buildNumber);
 139:debug.c       ****     }
 140:debug.c       **** }
 115              		.loc 1 140 0
 116 002e 05B0     		add	sp, sp, #20
 117              		@ sp needed
 118 0030 00BD     		pop	{pc}
 119              	.L8:
 120 0032 C046     		.align	2
 121              	.L7:
 122 0034 00000000 		.word	apiResult
 123 0038 00000000 		.word	.LC1
 124 003c 30000000 		.word	.LC3
 125              		.cfi_endproc
 126              	.LFE37:
 127              		.size	PrintStackVersion, .-PrintStackVersion
 128              		.section	.text.PrintState,"ax",%progbits
 129              		.align	2
 130              		.global	PrintState
 131              		.code	16
 132              		.thumb_func
 133              		.type	PrintState, %function
 134              	PrintState:
 135              	.LFB38:
 141:debug.c       **** 
 142:debug.c       **** /*******************************************************************************
 143:debug.c       **** * Function Name: PrintState
 144:debug.c       **** ********************************************************************************
 145:debug.c       **** *
 146:debug.c       **** * Summary:
 147:debug.c       **** *   Decodes and prints the cyBle_state global variable value.
 148:debug.c       **** *
ARM GAS  C:\Users\Lenovo\AppData\Local\Temp\ccDT8Sjz.s 			page 6


 149:debug.c       **** * Parameters:
 150:debug.c       **** *   None.
 151:debug.c       **** *
 152:debug.c       **** * Return:
 153:debug.c       **** *   None.
 154:debug.c       **** *
 155:debug.c       **** *******************************************************************************/
 156:debug.c       **** void PrintState(void)
 157:debug.c       **** {
 136              		.loc 1 157 0
 137              		.cfi_startproc
 138              		@ args = 0, pretend = 0, frame = 0
 139              		@ frame_needed = 0, uses_anonymous_args = 0
 140 0000 10B5     		push	{r4, lr}
 141              		.cfi_def_cfa_offset 8
 142              		.cfi_offset 4, -8
 143              		.cfi_offset 14, -4
 158:debug.c       ****     DBG_PRINTF("state: ");
 144              		.loc 1 158 0
 145 0002 1148     		ldr	r0, .L18
 146 0004 FFF7FEFF 		bl	printf
 147              	.LVL12:
 159:debug.c       ****     switch(CyBle_GetState())
 148              		.loc 1 159 0
 149 0008 104B     		ldr	r3, .L18+4
 150 000a 1A78     		ldrb	r2, [r3]
 151 000c 042A     		cmp	r2, #4
 152 000e 17D8     		bhi	.L10
 153 0010 9300     		lsls	r3, r2, #2
 154 0012 0F4A     		ldr	r2, .L18+8
 155 0014 D358     		ldr	r3, [r2, r3]
 156 0016 9F46     		mov	pc, r3
 157              		.section	.rodata
 158              		.align	2
 159              	.L12:
 160 0000 18000000 		.word	.L11
 161 0004 20000000 		.word	.L13
 162 0008 28000000 		.word	.L14
 163 000c 38000000 		.word	.L15
 164 0010 30000000 		.word	.L16
 165              		.section	.text.PrintState
 166              	.L11:
 160:debug.c       ****     {
 161:debug.c       ****         case CYBLE_STATE_STOPPED:
 162:debug.c       ****             DBG_PRINTF("stopped\r\n");
 167              		.loc 1 162 0
 168 0018 0E48     		ldr	r0, .L18+12
 169 001a FFF7FEFF 		bl	puts
 170              	.LVL13:
 163:debug.c       ****             break;
 171              		.loc 1 163 0
 172 001e 12E0     		b	.L9
 173              	.L13:
 164:debug.c       ****             
 165:debug.c       ****         case CYBLE_STATE_INITIALIZING:
 166:debug.c       ****             DBG_PRINTF("initializing\r\n");
 174              		.loc 1 166 0
ARM GAS  C:\Users\Lenovo\AppData\Local\Temp\ccDT8Sjz.s 			page 7


 175 0020 0D48     		ldr	r0, .L18+16
 176 0022 FFF7FEFF 		bl	puts
 177              	.LVL14:
 167:debug.c       ****             break;
 178              		.loc 1 167 0
 179 0026 0EE0     		b	.L9
 180              	.L14:
 168:debug.c       ****             
 169:debug.c       ****         case CYBLE_STATE_CONNECTED:
 170:debug.c       ****             DBG_PRINTF("connected\r\n");
 181              		.loc 1 170 0
 182 0028 0C48     		ldr	r0, .L18+20
 183 002a FFF7FEFF 		bl	puts
 184              	.LVL15:
 171:debug.c       ****             break;
 185              		.loc 1 171 0
 186 002e 0AE0     		b	.L9
 187              	.L16:
 172:debug.c       ****             
 173:debug.c       ****         case CYBLE_STATE_DISCONNECTED:
 174:debug.c       ****             DBG_PRINTF("disconnected\r\n");
 188              		.loc 1 174 0
 189 0030 0B48     		ldr	r0, .L18+24
 190 0032 FFF7FEFF 		bl	puts
 191              	.LVL16:
 175:debug.c       ****             break;
 192              		.loc 1 175 0
 193 0036 06E0     		b	.L9
 194              	.L15:
 176:debug.c       ****             
 177:debug.c       ****         case CYBLE_STATE_ADVERTISING:
 178:debug.c       ****             DBG_PRINTF("advertising\r\n");
 195              		.loc 1 178 0
 196 0038 0A48     		ldr	r0, .L18+28
 197 003a FFF7FEFF 		bl	puts
 198              	.LVL17:
 179:debug.c       ****             break;
 199              		.loc 1 179 0
 200 003e 02E0     		b	.L9
 201              	.L10:
 180:debug.c       **** 
 181:debug.c       ****         default:
 182:debug.c       ****             DBG_PRINTF("unknown\r\n");
 202              		.loc 1 182 0
 203 0040 0948     		ldr	r0, .L18+32
 204 0042 FFF7FEFF 		bl	puts
 205              	.LVL18:
 206              	.L9:
 183:debug.c       ****             break;
 184:debug.c       ****     }
 185:debug.c       **** }
 207              		.loc 1 185 0
 208              		@ sp needed
 209 0046 10BD     		pop	{r4, pc}
 210              	.L19:
 211              		.align	2
 212              	.L18:
ARM GAS  C:\Users\Lenovo\AppData\Local\Temp\ccDT8Sjz.s 			page 8


 213 0048 50000000 		.word	.LC5
 214 004c 00000000 		.word	cyBle_state
 215 0050 00000000 		.word	.L12
 216 0054 58000000 		.word	.LC9
 217 0058 64000000 		.word	.LC11
 218 005c 74000000 		.word	.LC13
 219 0060 80000000 		.word	.LC15
 220 0064 90000000 		.word	.LC17
 221 0068 A0000000 		.word	.LC19
 222              		.cfi_endproc
 223              	.LFE38:
 224              		.size	PrintState, .-PrintState
 225              		.section	.text.PrintApiResult,"ax",%progbits
 226              		.align	2
 227              		.global	PrintApiResult
 228              		.code	16
 229              		.thumb_func
 230              		.type	PrintApiResult, %function
 231              	PrintApiResult:
 232              	.LFB39:
 186:debug.c       **** 
 187:debug.c       **** 
 188:debug.c       **** /*******************************************************************************
 189:debug.c       **** * Function Name: PrintApiResult
 190:debug.c       **** ********************************************************************************
 191:debug.c       **** *
 192:debug.c       **** * Summary:
 193:debug.c       **** *   Decodes and prints the apiResult global variable value.
 194:debug.c       **** *
 195:debug.c       **** * Parameters:
 196:debug.c       **** *   None.
 197:debug.c       **** *
 198:debug.c       **** * Return:
 199:debug.c       **** *   None.
 200:debug.c       **** *
 201:debug.c       **** *******************************************************************************/
 202:debug.c       **** void PrintApiResult(void)
 203:debug.c       **** {
 233              		.loc 1 203 0
 234              		.cfi_startproc
 235              		@ args = 0, pretend = 0, frame = 0
 236              		@ frame_needed = 0, uses_anonymous_args = 0
 237 0000 10B5     		push	{r4, lr}
 238              		.cfi_def_cfa_offset 8
 239              		.cfi_offset 4, -8
 240              		.cfi_offset 14, -4
 204:debug.c       ****     DBG_PRINTF("0x%2.2x ", apiResult);
 241              		.loc 1 204 0
 242 0002 2A4C     		ldr	r4, .L35
 243 0004 2188     		ldrh	r1, [r4]
 244 0006 2A48     		ldr	r0, .L35+4
 245 0008 FFF7FEFF 		bl	printf
 246              	.LVL19:
 205:debug.c       ****     
 206:debug.c       ****     switch(apiResult)
 247              		.loc 1 206 0
 248 000c 2388     		ldrh	r3, [r4]
ARM GAS  C:\Users\Lenovo\AppData\Local\Temp\ccDT8Sjz.s 			page 9


 249 000e 132B     		cmp	r3, #19
 250 0010 3FD0     		beq	.L22
 251 0012 08D8     		bhi	.L23
 252 0014 012B     		cmp	r3, #1
 253 0016 1ED0     		beq	.L24
 254 0018 002B     		cmp	r3, #0
 255 001a 18D0     		beq	.L25
 256 001c 022B     		cmp	r3, #2
 257 001e 1ED0     		beq	.L26
 258 0020 072B     		cmp	r3, #7
 259 0022 20D0     		beq	.L27
 260 0024 3DE0     		b	.L21
 261              	.L23:
 262 0026 0222     		movs	r2, #2
 263 0028 FF32     		adds	r2, r2, #255
 264 002a 9342     		cmp	r3, r2
 265 002c 23D0     		beq	.L28
 266 002e 05D8     		bhi	.L29
 267 0030 282B     		cmp	r3, #40
 268 0032 32D0     		beq	.L30
 269 0034 013A     		subs	r2, r2, #1
 270 0036 9342     		cmp	r3, r2
 271 0038 19D0     		beq	.L31
 272 003a 32E0     		b	.L21
 273              	.L29:
 274 003c 8122     		movs	r2, #129
 275 003e 5200     		lsls	r2, r2, #1
 276 0040 9342     		cmp	r3, r2
 277 0042 1CD0     		beq	.L32
 278 0044 0422     		movs	r2, #4
 279 0046 FF32     		adds	r2, r2, #255
 280 0048 9342     		cmp	r3, r2
 281 004a 1CD0     		beq	.L33
 282 004c 29E0     		b	.L21
 283              	.L25:
 207:debug.c       ****     {
 208:debug.c       ****         case CYBLE_ERROR_OK:
 209:debug.c       ****             DBG_PRINTF("ok\r\n");
 284              		.loc 1 209 0
 285 004e 1948     		ldr	r0, .L35+8
 286 0050 FFF7FEFF 		bl	puts
 287              	.LVL20:
 210:debug.c       ****             break;
 288              		.loc 1 210 0
 289 0054 28E0     		b	.L20
 290              	.L24:
 211:debug.c       ****             
 212:debug.c       ****         case CYBLE_ERROR_INVALID_PARAMETER:
 213:debug.c       ****             DBG_PRINTF("invalid parameter\r\n");
 291              		.loc 1 213 0
 292 0056 1848     		ldr	r0, .L35+12
 293 0058 FFF7FEFF 		bl	puts
 294              	.LVL21:
 214:debug.c       ****             break;
 295              		.loc 1 214 0
 296 005c 24E0     		b	.L20
 297              	.L26:
ARM GAS  C:\Users\Lenovo\AppData\Local\Temp\ccDT8Sjz.s 			page 10


 215:debug.c       ****             
 216:debug.c       ****         case CYBLE_ERROR_INVALID_OPERATION:
 217:debug.c       ****             DBG_PRINTF("invalid operation\r\n");
 298              		.loc 1 217 0
 299 005e 1748     		ldr	r0, .L35+16
 300 0060 FFF7FEFF 		bl	puts
 301              	.LVL22:
 218:debug.c       ****             break;
 302              		.loc 1 218 0
 303 0064 20E0     		b	.L20
 304              	.L27:
 219:debug.c       ****             
 220:debug.c       ****         case CYBLE_ERROR_NO_DEVICE_ENTITY:
 221:debug.c       ****             DBG_PRINTF("no device entity\r\n");
 305              		.loc 1 221 0
 306 0066 1648     		ldr	r0, .L35+20
 307 0068 FFF7FEFF 		bl	puts
 308              	.LVL23:
 222:debug.c       ****             break;
 309              		.loc 1 222 0
 310 006c 1CE0     		b	.L20
 311              	.L31:
 223:debug.c       ****             
 224:debug.c       ****         case CYBLE_ERROR_NTF_DISABLED:
 225:debug.c       ****             DBG_PRINTF("notification is disabled\r\n");
 312              		.loc 1 225 0
 313 006e 1548     		ldr	r0, .L35+24
 314 0070 FFF7FEFF 		bl	puts
 315              	.LVL24:
 226:debug.c       ****             break;
 316              		.loc 1 226 0
 317 0074 18E0     		b	.L20
 318              	.L28:
 227:debug.c       ****             
 228:debug.c       ****         case CYBLE_ERROR_IND_DISABLED:
 229:debug.c       ****             DBG_PRINTF("indication is disabled\r\n");
 319              		.loc 1 229 0
 320 0076 1448     		ldr	r0, .L35+28
 321 0078 FFF7FEFF 		bl	puts
 322              	.LVL25:
 230:debug.c       ****             break;
 323              		.loc 1 230 0
 324 007c 14E0     		b	.L20
 325              	.L32:
 231:debug.c       ****             
 232:debug.c       ****         case CYBLE_ERROR_CHAR_IS_NOT_DISCOVERED:
 233:debug.c       ****             DBG_PRINTF("characteristic is not discovered\r\n");
 326              		.loc 1 233 0
 327 007e 1348     		ldr	r0, .L35+32
 328 0080 FFF7FEFF 		bl	puts
 329              	.LVL26:
 234:debug.c       ****             break;
 330              		.loc 1 234 0
 331 0084 10E0     		b	.L20
 332              	.L33:
 235:debug.c       ****             
 236:debug.c       ****         case CYBLE_ERROR_INVALID_STATE:
ARM GAS  C:\Users\Lenovo\AppData\Local\Temp\ccDT8Sjz.s 			page 11


 237:debug.c       ****             DBG_PRINTF("invalid state: ");
 333              		.loc 1 237 0
 334 0086 1248     		ldr	r0, .L35+36
 335 0088 FFF7FEFF 		bl	printf
 336              	.LVL27:
 238:debug.c       ****             PrintState();
 337              		.loc 1 238 0
 338 008c FFF7FEFF 		bl	PrintState
 339              	.LVL28:
 239:debug.c       ****             break;
 340              		.loc 1 239 0
 341 0090 0AE0     		b	.L20
 342              	.L22:
 240:debug.c       ****             
 241:debug.c       ****         case CYBLE_ERROR_GATT_DB_INVALID_ATTR_HANDLE:
 242:debug.c       ****             DBG_PRINTF("invalid attribute handle\r\n");
 343              		.loc 1 242 0
 344 0092 1048     		ldr	r0, .L35+40
 345 0094 FFF7FEFF 		bl	puts
 346              	.LVL29:
 243:debug.c       ****             break;
 347              		.loc 1 243 0
 348 0098 06E0     		b	.L20
 349              	.L30:
 244:debug.c       ****             
 245:debug.c       ****         case CYBLE_ERROR_FLASH_WRITE_NOT_PERMITED:
 246:debug.c       ****             DBG_PRINTF("flash write not permitted\r\n");
 350              		.loc 1 246 0
 351 009a 0F48     		ldr	r0, .L35+44
 352 009c FFF7FEFF 		bl	puts
 353              	.LVL30:
 247:debug.c       ****             break;
 354              		.loc 1 247 0
 355 00a0 02E0     		b	.L20
 356              	.L21:
 248:debug.c       ****             
 249:debug.c       ****         default:
 250:debug.c       ****             DBG_PRINTF("other api result\r\n");
 357              		.loc 1 250 0
 358 00a2 0E48     		ldr	r0, .L35+48
 359 00a4 FFF7FEFF 		bl	puts
 360              	.LVL31:
 361              	.L20:
 251:debug.c       ****             break;
 252:debug.c       ****     }
 253:debug.c       **** }
 362              		.loc 1 253 0
 363              		@ sp needed
 364 00a8 10BD     		pop	{r4, pc}
 365              	.L36:
 366 00aa C046     		.align	2
 367              	.L35:
 368 00ac 00000000 		.word	apiResult
 369 00b0 AC000000 		.word	.LC22
 370 00b4 B8000000 		.word	.LC24
 371 00b8 BC000000 		.word	.LC26
 372 00bc D0000000 		.word	.LC28
ARM GAS  C:\Users\Lenovo\AppData\Local\Temp\ccDT8Sjz.s 			page 12


 373 00c0 E4000000 		.word	.LC30
 374 00c4 F8000000 		.word	.LC32
 375 00c8 14010000 		.word	.LC34
 376 00cc 2C010000 		.word	.LC36
 377 00d0 50010000 		.word	.LC38
 378 00d4 60010000 		.word	.LC40
 379 00d8 7C010000 		.word	.LC42
 380 00dc 98010000 		.word	.LC44
 381              		.cfi_endproc
 382              	.LFE39:
 383              		.size	PrintApiResult, .-PrintApiResult
 384              		.section	.rodata.str1.4,"aMS",%progbits,1
 385              		.align	2
 386              	.LC1:
 387 0000 4379426C 		.ascii	"CyBle_GetStackLibraryVersion API Error - %x \000"
 387      655F4765 
 387      74537461 
 387      636B4C69 
 387      62726172 
 388 002d 000000   		.space	3
 389              	.LC3:
 390 0030 53746163 		.ascii	"Stack Version: %d.%d.%d.%d \015\012\000"
 390      6B205665 
 390      7273696F 
 390      6E3A2025 
 390      642E2564 
 391 004e 0000     		.space	2
 392              	.LC5:
 393 0050 73746174 		.ascii	"state: \000"
 393      653A2000 
 394              	.LC9:
 395 0058 73746F70 		.ascii	"stopped\015\000"
 395      7065640D 
 395      00
 396 0061 000000   		.space	3
 397              	.LC11:
 398 0064 696E6974 		.ascii	"initializing\015\000"
 398      69616C69 
 398      7A696E67 
 398      0D00
 399 0072 0000     		.space	2
 400              	.LC13:
 401 0074 636F6E6E 		.ascii	"connected\015\000"
 401      65637465 
 401      640D00
 402 007f 00       		.space	1
 403              	.LC15:
 404 0080 64697363 		.ascii	"disconnected\015\000"
 404      6F6E6E65 
 404      63746564 
 404      0D00
 405 008e 0000     		.space	2
 406              	.LC17:
 407 0090 61647665 		.ascii	"advertising\015\000"
 407      72746973 
 407      696E670D 
 407      00
ARM GAS  C:\Users\Lenovo\AppData\Local\Temp\ccDT8Sjz.s 			page 13


 408 009d 000000   		.space	3
 409              	.LC19:
 410 00a0 756E6B6E 		.ascii	"unknown\015\000"
 410      6F776E0D 
 410      00
 411 00a9 000000   		.space	3
 412              	.LC22:
 413 00ac 30782532 		.ascii	"0x%2.2x \000"
 413      2E327820 
 413      00
 414 00b5 000000   		.space	3
 415              	.LC24:
 416 00b8 6F6B0D00 		.ascii	"ok\015\000"
 417              	.LC26:
 418 00bc 696E7661 		.ascii	"invalid parameter\015\000"
 418      6C696420 
 418      70617261 
 418      6D657465 
 418      720D00
 419 00cf 00       		.space	1
 420              	.LC28:
 421 00d0 696E7661 		.ascii	"invalid operation\015\000"
 421      6C696420 
 421      6F706572 
 421      6174696F 
 421      6E0D00
 422 00e3 00       		.space	1
 423              	.LC30:
 424 00e4 6E6F2064 		.ascii	"no device entity\015\000"
 424      65766963 
 424      6520656E 
 424      74697479 
 424      0D00
 425 00f6 0000     		.space	2
 426              	.LC32:
 427 00f8 6E6F7469 		.ascii	"notification is disabled\015\000"
 427      66696361 
 427      74696F6E 
 427      20697320 
 427      64697361 
 428 0112 0000     		.space	2
 429              	.LC34:
 430 0114 696E6469 		.ascii	"indication is disabled\015\000"
 430      63617469 
 430      6F6E2069 
 430      73206469 
 430      7361626C 
 431              	.LC36:
 432 012c 63686172 		.ascii	"characteristic is not discovered\015\000"
 432      61637465 
 432      72697374 
 432      69632069 
 432      73206E6F 
 433 014e 0000     		.space	2
 434              	.LC38:
 435 0150 696E7661 		.ascii	"invalid state: \000"
 435      6C696420 
ARM GAS  C:\Users\Lenovo\AppData\Local\Temp\ccDT8Sjz.s 			page 14


 435      73746174 
 435      653A2000 
 436              	.LC40:
 437 0160 696E7661 		.ascii	"invalid attribute handle\015\000"
 437      6C696420 
 437      61747472 
 437      69627574 
 437      65206861 
 438 017a 0000     		.space	2
 439              	.LC42:
 440 017c 666C6173 		.ascii	"flash write not permitted\015\000"
 440      68207772 
 440      69746520 
 440      6E6F7420 
 440      7065726D 
 441 0197 00       		.space	1
 442              	.LC44:
 443 0198 6F746865 		.ascii	"other api result\015\000"
 443      72206170 
 443      69207265 
 443      73756C74 
 443      0D00
 444              		.text
 445              	.Letext0:
 446              		.file 2 "Generated_Source\\PSoC4/cytypes.h"
 447              		.file 3 "Generated_Source\\PSoC4/BLE_1_Stack.h"
 448              		.file 4 "Generated_Source\\PSoC4/BLE_1_eventHandler.h"
 449              		.file 5 "aios.h"
 450              		.file 6 "Generated_Source\\PSoC4/UART_DEB_SPI_UART.h"
 451              		.file 7 "d:\\psoc\\psoc creator\\4.4\\psoc creator\\import\\gnu\\arm\\5.4.1\\arm-none-eabi\\includ
 452              		.file 8 "<built-in>"
 453              		.section	.debug_info,"",%progbits
 454              	.Ldebug_info0:
 455 0000 00050000 		.4byte	0x500
 456 0004 0400     		.2byte	0x4
 457 0006 00000000 		.4byte	.Ldebug_abbrev0
 458 000a 04       		.byte	0x4
 459 000b 01       		.uleb128 0x1
 460 000c 95010000 		.4byte	.LASF72
 461 0010 0C       		.byte	0xc
 462 0011 7E030000 		.4byte	.LASF73
 463 0015 B5060000 		.4byte	.LASF74
 464 0019 00000000 		.4byte	.Ldebug_ranges0+0
 465 001d 00000000 		.4byte	0
 466 0021 00000000 		.4byte	.Ldebug_line0
 467 0025 02       		.uleb128 0x2
 468 0026 01       		.byte	0x1
 469 0027 06       		.byte	0x6
 470 0028 86030000 		.4byte	.LASF0
 471 002c 02       		.uleb128 0x2
 472 002d 01       		.byte	0x1
 473 002e 08       		.byte	0x8
 474 002f 58030000 		.4byte	.LASF1
 475 0033 02       		.uleb128 0x2
 476 0034 02       		.byte	0x2
 477 0035 05       		.byte	0x5
 478 0036 8E000000 		.4byte	.LASF2
ARM GAS  C:\Users\Lenovo\AppData\Local\Temp\ccDT8Sjz.s 			page 15


 479 003a 02       		.uleb128 0x2
 480 003b 02       		.byte	0x2
 481 003c 07       		.byte	0x7
 482 003d 51040000 		.4byte	.LASF3
 483 0041 02       		.uleb128 0x2
 484 0042 04       		.byte	0x4
 485 0043 05       		.byte	0x5
 486 0044 FD020000 		.4byte	.LASF4
 487 0048 02       		.uleb128 0x2
 488 0049 04       		.byte	0x4
 489 004a 07       		.byte	0x7
 490 004b 76050000 		.4byte	.LASF5
 491 004f 02       		.uleb128 0x2
 492 0050 08       		.byte	0x8
 493 0051 05       		.byte	0x5
 494 0052 CF020000 		.4byte	.LASF6
 495 0056 02       		.uleb128 0x2
 496 0057 08       		.byte	0x8
 497 0058 07       		.byte	0x7
 498 0059 92030000 		.4byte	.LASF7
 499 005d 03       		.uleb128 0x3
 500 005e 04       		.byte	0x4
 501 005f 05       		.byte	0x5
 502 0060 696E7400 		.ascii	"int\000"
 503 0064 02       		.uleb128 0x2
 504 0065 04       		.byte	0x4
 505 0066 07       		.byte	0x7
 506 0067 D5030000 		.4byte	.LASF8
 507 006b 04       		.uleb128 0x4
 508 006c 4C050000 		.4byte	.LASF9
 509 0070 02       		.byte	0x2
 510 0071 D301     		.2byte	0x1d3
 511 0073 3A000000 		.4byte	0x3a
 512 0077 04       		.uleb128 0x4
 513 0078 A5050000 		.4byte	.LASF10
 514 007c 02       		.byte	0x2
 515 007d D401     		.2byte	0x1d4
 516 007f 48000000 		.4byte	0x48
 517 0083 02       		.uleb128 0x2
 518 0084 04       		.byte	0x4
 519 0085 04       		.byte	0x4
 520 0086 C9020000 		.4byte	.LASF11
 521 008a 02       		.uleb128 0x2
 522 008b 08       		.byte	0x8
 523 008c 04       		.byte	0x4
 524 008d 92060000 		.4byte	.LASF12
 525 0091 02       		.uleb128 0x2
 526 0092 01       		.byte	0x1
 527 0093 08       		.byte	0x8
 528 0094 7F040000 		.4byte	.LASF13
 529 0098 02       		.uleb128 0x2
 530 0099 08       		.byte	0x8
 531 009a 04       		.byte	0x4
 532 009b FF000000 		.4byte	.LASF14
 533 009f 02       		.uleb128 0x2
 534 00a0 04       		.byte	0x4
 535 00a1 07       		.byte	0x7
ARM GAS  C:\Users\Lenovo\AppData\Local\Temp\ccDT8Sjz.s 			page 16


 536 00a2 98000000 		.4byte	.LASF15
 537 00a6 05       		.uleb128 0x5
 538 00a7 04       		.byte	0x4
 539 00a8 91000000 		.4byte	0x91
 540 00ac 06       		.uleb128 0x6
 541 00ad 02       		.byte	0x2
 542 00ae 3A000000 		.4byte	0x3a
 543 00b2 03       		.byte	0x3
 544 00b3 EA03     		.2byte	0x3ea
 545 00b5 8B010000 		.4byte	0x18b
 546 00b9 07       		.uleb128 0x7
 547 00ba A1000000 		.4byte	.LASF16
 548 00be 00       		.byte	0
 549 00bf 07       		.uleb128 0x7
 550 00c0 47010000 		.4byte	.LASF17
 551 00c4 01       		.byte	0x1
 552 00c5 07       		.uleb128 0x7
 553 00c6 23020000 		.4byte	.LASF18
 554 00ca 02       		.byte	0x2
 555 00cb 07       		.uleb128 0x7
 556 00cc DE040000 		.4byte	.LASF19
 557 00d0 03       		.byte	0x3
 558 00d1 07       		.uleb128 0x7
 559 00d2 A6020000 		.4byte	.LASF20
 560 00d6 04       		.byte	0x4
 561 00d7 07       		.uleb128 0x7
 562 00d8 65010000 		.4byte	.LASF21
 563 00dc 05       		.byte	0x5
 564 00dd 07       		.uleb128 0x7
 565 00de 59020000 		.4byte	.LASF22
 566 00e2 06       		.byte	0x6
 567 00e3 07       		.uleb128 0x7
 568 00e4 31030000 		.4byte	.LASF23
 569 00e8 07       		.byte	0x7
 570 00e9 07       		.uleb128 0x7
 571 00ea 0D030000 		.4byte	.LASF24
 572 00ee 08       		.byte	0x8
 573 00ef 07       		.uleb128 0x7
 574 00f0 C0030000 		.4byte	.LASF25
 575 00f4 09       		.byte	0x9
 576 00f5 07       		.uleb128 0x7
 577 00f6 8C020000 		.4byte	.LASF26
 578 00fa 0A       		.byte	0xa
 579 00fb 07       		.uleb128 0x7
 580 00fc DD020000 		.4byte	.LASF27
 581 0100 0B       		.byte	0xb
 582 0101 07       		.uleb128 0x7
 583 0102 A9030000 		.4byte	.LASF28
 584 0106 0C       		.byte	0xc
 585 0107 07       		.uleb128 0x7
 586 0108 E2030000 		.4byte	.LASF29
 587 010c 0D       		.byte	0xd
 588 010d 07       		.uleb128 0x7
 589 010e 25000000 		.4byte	.LASF30
 590 0112 0E       		.byte	0xe
 591 0113 07       		.uleb128 0x7
 592 0114 00000000 		.4byte	.LASF31
ARM GAS  C:\Users\Lenovo\AppData\Local\Temp\ccDT8Sjz.s 			page 17


 593 0118 0F       		.byte	0xf
 594 0119 07       		.uleb128 0x7
 595 011a 21070000 		.4byte	.LASF32
 596 011e 10       		.byte	0x10
 597 011f 07       		.uleb128 0x7
 598 0120 6A000000 		.4byte	.LASF33
 599 0124 11       		.byte	0x11
 600 0125 07       		.uleb128 0x7
 601 0126 D4050000 		.4byte	.LASF34
 602 012a 12       		.byte	0x12
 603 012b 07       		.uleb128 0x7
 604 012c AC050000 		.4byte	.LASF35
 605 0130 13       		.byte	0x13
 606 0131 07       		.uleb128 0x7
 607 0132 39060000 		.4byte	.LASF36
 608 0136 27       		.byte	0x27
 609 0137 07       		.uleb128 0x7
 610 0138 DA000000 		.4byte	.LASF37
 611 013c 28       		.byte	0x28
 612 013d 07       		.uleb128 0x7
 613 013e 12010000 		.4byte	.LASF38
 614 0142 29       		.byte	0x29
 615 0143 07       		.uleb128 0x7
 616 0144 F7050000 		.4byte	.LASF39
 617 0148 2A       		.byte	0x2a
 618 0149 07       		.uleb128 0x7
 619 014a 19050000 		.4byte	.LASF40
 620 014e 2B       		.byte	0x2b
 621 014f 07       		.uleb128 0x7
 622 0150 66030000 		.4byte	.LASF41
 623 0154 2C       		.byte	0x2c
 624 0155 07       		.uleb128 0x7
 625 0156 B0000000 		.4byte	.LASF42
 626 015a 2D       		.byte	0x2d
 627 015b 07       		.uleb128 0x7
 628 015c A8040000 		.4byte	.LASF43
 629 0160 FE       		.byte	0xfe
 630 0161 07       		.uleb128 0x7
 631 0162 68060000 		.4byte	.LASF44
 632 0166 FF       		.byte	0xff
 633 0167 08       		.uleb128 0x8
 634 0168 20060000 		.4byte	.LASF45
 635 016c 0001     		.2byte	0x100
 636 016e 08       		.uleb128 0x8
 637 016f 4F070000 		.4byte	.LASF46
 638 0173 0101     		.2byte	0x101
 639 0175 08       		.uleb128 0x8
 640 0176 2E040000 		.4byte	.LASF47
 641 017a 0201     		.2byte	0x102
 642 017c 08       		.uleb128 0x8
 643 017d 78060000 		.4byte	.LASF48
 644 0181 0301     		.2byte	0x103
 645 0183 08       		.uleb128 0x8
 646 0184 84040000 		.4byte	.LASF49
 647 0188 0401     		.2byte	0x104
 648 018a 00       		.byte	0
 649 018b 04       		.uleb128 0x4
ARM GAS  C:\Users\Lenovo\AppData\Local\Temp\ccDT8Sjz.s 			page 18


 650 018c 41020000 		.4byte	.LASF50
 651 0190 03       		.byte	0x3
 652 0191 5C04     		.2byte	0x45c
 653 0193 AC000000 		.4byte	0xac
 654 0197 09       		.uleb128 0x9
 655 0198 08       		.byte	0x8
 656 0199 03       		.byte	0x3
 657 019a 1505     		.2byte	0x515
 658 019c D5010000 		.4byte	0x1d5
 659 01a0 0A       		.uleb128 0xa
 660 01a1 5D000000 		.4byte	.LASF51
 661 01a5 03       		.byte	0x3
 662 01a6 1805     		.2byte	0x518
 663 01a8 6B000000 		.4byte	0x6b
 664 01ac 00       		.byte	0
 665 01ad 0A       		.uleb128 0xa
 666 01ae 5B060000 		.4byte	.LASF52
 667 01b2 03       		.byte	0x3
 668 01b3 1A05     		.2byte	0x51a
 669 01b5 6B000000 		.4byte	0x6b
 670 01b9 02       		.byte	0x2
 671 01ba 0A       		.uleb128 0xa
 672 01bb 2B030000 		.4byte	.LASF53
 673 01bf 03       		.byte	0x3
 674 01c0 1C05     		.2byte	0x51c
 675 01c2 6B000000 		.4byte	0x6b
 676 01c6 04       		.byte	0x4
 677 01c7 0A       		.uleb128 0xa
 678 01c8 73040000 		.4byte	.LASF54
 679 01cc 03       		.byte	0x3
 680 01cd 1E05     		.2byte	0x51e
 681 01cf 6B000000 		.4byte	0x6b
 682 01d3 06       		.byte	0x6
 683 01d4 00       		.byte	0
 684 01d5 04       		.uleb128 0x4
 685 01d6 C4040000 		.4byte	.LASF55
 686 01da 03       		.byte	0x3
 687 01db 2005     		.2byte	0x520
 688 01dd 97010000 		.4byte	0x197
 689 01e1 06       		.uleb128 0x6
 690 01e2 01       		.byte	0x1
 691 01e3 2C000000 		.4byte	0x2c
 692 01e7 04       		.byte	0x4
 693 01e8 5A08     		.2byte	0x85a
 694 01ea 0D020000 		.4byte	0x20d
 695 01ee 07       		.uleb128 0x7
 696 01ef 33010000 		.4byte	.LASF56
 697 01f3 00       		.byte	0
 698 01f4 07       		.uleb128 0x7
 699 01f5 73020000 		.4byte	.LASF57
 700 01f9 01       		.byte	0x1
 701 01fa 07       		.uleb128 0x7
 702 01fb 03050000 		.4byte	.LASF58
 703 01ff 02       		.byte	0x2
 704 0200 07       		.uleb128 0x7
 705 0201 53050000 		.4byte	.LASF59
 706 0205 03       		.byte	0x3
ARM GAS  C:\Users\Lenovo\AppData\Local\Temp\ccDT8Sjz.s 			page 19


 707 0206 07       		.uleb128 0x7
 708 0207 07040000 		.4byte	.LASF60
 709 020b 04       		.byte	0x4
 710 020c 00       		.byte	0
 711 020d 04       		.uleb128 0x4
 712 020e 20040000 		.4byte	.LASF61
 713 0212 04       		.byte	0x4
 714 0213 6808     		.2byte	0x868
 715 0215 E1010000 		.4byte	0x1e1
 716 0219 0B       		.uleb128 0xb
 717 021a 0B010000 		.4byte	.LASF75
 718 021e 01       		.byte	0x1
 719 021f 62       		.byte	0x62
 720 0220 5D000000 		.4byte	0x5d
 721 0224 00000000 		.4byte	.LFB36
 722 0228 1C000000 		.4byte	.LFE36-.LFB36
 723 022c 01       		.uleb128 0x1
 724 022d 9C       		.byte	0x9c
 725 022e 76020000 		.4byte	0x276
 726 0232 0C       		.uleb128 0xc
 727 0233 2E010000 		.4byte	.LASF62
 728 0237 01       		.byte	0x1
 729 0238 62       		.byte	0x62
 730 0239 5D000000 		.4byte	0x5d
 731 023d 00000000 		.4byte	.LLST0
 732 0241 0D       		.uleb128 0xd
 733 0242 70747200 		.ascii	"ptr\000"
 734 0246 01       		.byte	0x1
 735 0247 62       		.byte	0x62
 736 0248 A6000000 		.4byte	0xa6
 737 024c 21000000 		.4byte	.LLST1
 738 0250 0D       		.uleb128 0xd
 739 0251 6C656E00 		.ascii	"len\000"
 740 0255 01       		.byte	0x1
 741 0256 62       		.byte	0x62
 742 0257 5D000000 		.4byte	0x5d
 743 025b 4A000000 		.4byte	.LLST2
 744 025f 0E       		.uleb128 0xe
 745 0260 7800     		.ascii	"x\000"
 746 0262 01       		.byte	0x1
 747 0263 64       		.byte	0x64
 748 0264 5D000000 		.4byte	0x5d
 749 0268 73000000 		.4byte	.LLST3
 750 026c 0F       		.uleb128 0xf
 751 026d 10000000 		.4byte	.LVL4
 752 0271 D1040000 		.4byte	0x4d1
 753 0275 00       		.byte	0
 754 0276 10       		.uleb128 0x10
 755 0277 83010000 		.4byte	.LASF64
 756 027b 01       		.byte	0x1
 757 027c 7E       		.byte	0x7e
 758 027d 00000000 		.4byte	.LFB37
 759 0281 40000000 		.4byte	.LFE37-.LFB37
 760 0285 01       		.uleb128 0x1
 761 0286 9C       		.byte	0x9c
 762 0287 D8020000 		.4byte	0x2d8
 763 028b 11       		.uleb128 0x11
ARM GAS  C:\Users\Lenovo\AppData\Local\Temp\ccDT8Sjz.s 			page 20


 764 028c 9B040000 		.4byte	.LASF63
 765 0290 01       		.byte	0x1
 766 0291 80       		.byte	0x80
 767 0292 D5010000 		.4byte	0x1d5
 768 0296 02       		.uleb128 0x2
 769 0297 91       		.byte	0x91
 770 0298 70       		.sleb128 -16
 771 0299 12       		.uleb128 0x12
 772 029a 0A000000 		.4byte	.LVL9
 773 029e DD040000 		.4byte	0x4dd
 774 02a2 AD020000 		.4byte	0x2ad
 775 02a6 13       		.uleb128 0x13
 776 02a7 01       		.uleb128 0x1
 777 02a8 50       		.byte	0x50
 778 02a9 02       		.uleb128 0x2
 779 02aa 91       		.byte	0x91
 780 02ab 70       		.sleb128 -16
 781 02ac 00       		.byte	0
 782 02ad 12       		.uleb128 0x12
 783 02ae 1A000000 		.4byte	.LVL10
 784 02b2 E9040000 		.4byte	0x4e9
 785 02b6 C4020000 		.4byte	0x2c4
 786 02ba 13       		.uleb128 0x13
 787 02bb 01       		.uleb128 0x1
 788 02bc 50       		.byte	0x50
 789 02bd 05       		.uleb128 0x5
 790 02be 03       		.byte	0x3
 791 02bf 00000000 		.4byte	.LC1
 792 02c3 00       		.byte	0
 793 02c4 14       		.uleb128 0x14
 794 02c5 2E000000 		.4byte	.LVL11
 795 02c9 E9040000 		.4byte	0x4e9
 796 02cd 13       		.uleb128 0x13
 797 02ce 01       		.uleb128 0x1
 798 02cf 50       		.byte	0x50
 799 02d0 05       		.uleb128 0x5
 800 02d1 03       		.byte	0x3
 801 02d2 30000000 		.4byte	.LC3
 802 02d6 00       		.byte	0
 803 02d7 00       		.byte	0
 804 02d8 10       		.uleb128 0x10
 805 02d9 6B050000 		.4byte	.LASF65
 806 02dd 01       		.byte	0x1
 807 02de 9C       		.byte	0x9c
 808 02df 00000000 		.4byte	.LFB38
 809 02e3 6C000000 		.4byte	.LFE38-.LFB38
 810 02e7 01       		.uleb128 0x1
 811 02e8 9C       		.byte	0x9c
 812 02e9 8B030000 		.4byte	0x38b
 813 02ed 12       		.uleb128 0x12
 814 02ee 08000000 		.4byte	.LVL12
 815 02f2 E9040000 		.4byte	0x4e9
 816 02f6 04030000 		.4byte	0x304
 817 02fa 13       		.uleb128 0x13
 818 02fb 01       		.uleb128 0x1
 819 02fc 50       		.byte	0x50
 820 02fd 05       		.uleb128 0x5
ARM GAS  C:\Users\Lenovo\AppData\Local\Temp\ccDT8Sjz.s 			page 21


 821 02fe 03       		.byte	0x3
 822 02ff 50000000 		.4byte	.LC5
 823 0303 00       		.byte	0
 824 0304 12       		.uleb128 0x12
 825 0305 1E000000 		.4byte	.LVL13
 826 0309 F4040000 		.4byte	0x4f4
 827 030d 1B030000 		.4byte	0x31b
 828 0311 13       		.uleb128 0x13
 829 0312 01       		.uleb128 0x1
 830 0313 50       		.byte	0x50
 831 0314 05       		.uleb128 0x5
 832 0315 03       		.byte	0x3
 833 0316 58000000 		.4byte	.LC9
 834 031a 00       		.byte	0
 835 031b 12       		.uleb128 0x12
 836 031c 26000000 		.4byte	.LVL14
 837 0320 F4040000 		.4byte	0x4f4
 838 0324 32030000 		.4byte	0x332
 839 0328 13       		.uleb128 0x13
 840 0329 01       		.uleb128 0x1
 841 032a 50       		.byte	0x50
 842 032b 05       		.uleb128 0x5
 843 032c 03       		.byte	0x3
 844 032d 64000000 		.4byte	.LC11
 845 0331 00       		.byte	0
 846 0332 12       		.uleb128 0x12
 847 0333 2E000000 		.4byte	.LVL15
 848 0337 F4040000 		.4byte	0x4f4
 849 033b 49030000 		.4byte	0x349
 850 033f 13       		.uleb128 0x13
 851 0340 01       		.uleb128 0x1
 852 0341 50       		.byte	0x50
 853 0342 05       		.uleb128 0x5
 854 0343 03       		.byte	0x3
 855 0344 74000000 		.4byte	.LC13
 856 0348 00       		.byte	0
 857 0349 12       		.uleb128 0x12
 858 034a 36000000 		.4byte	.LVL16
 859 034e F4040000 		.4byte	0x4f4
 860 0352 60030000 		.4byte	0x360
 861 0356 13       		.uleb128 0x13
 862 0357 01       		.uleb128 0x1
 863 0358 50       		.byte	0x50
 864 0359 05       		.uleb128 0x5
 865 035a 03       		.byte	0x3
 866 035b 80000000 		.4byte	.LC15
 867 035f 00       		.byte	0
 868 0360 12       		.uleb128 0x12
 869 0361 3E000000 		.4byte	.LVL17
 870 0365 F4040000 		.4byte	0x4f4
 871 0369 77030000 		.4byte	0x377
 872 036d 13       		.uleb128 0x13
 873 036e 01       		.uleb128 0x1
 874 036f 50       		.byte	0x50
 875 0370 05       		.uleb128 0x5
 876 0371 03       		.byte	0x3
 877 0372 90000000 		.4byte	.LC17
ARM GAS  C:\Users\Lenovo\AppData\Local\Temp\ccDT8Sjz.s 			page 22


 878 0376 00       		.byte	0
 879 0377 14       		.uleb128 0x14
 880 0378 46000000 		.4byte	.LVL18
 881 037c F4040000 		.4byte	0x4f4
 882 0380 13       		.uleb128 0x13
 883 0381 01       		.uleb128 0x1
 884 0382 50       		.byte	0x50
 885 0383 05       		.uleb128 0x5
 886 0384 03       		.byte	0x3
 887 0385 A0000000 		.4byte	.LC19
 888 0389 00       		.byte	0
 889 038a 00       		.byte	0
 890 038b 10       		.uleb128 0x10
 891 038c 64040000 		.4byte	.LASF66
 892 0390 01       		.byte	0x1
 893 0391 CA       		.byte	0xca
 894 0392 00000000 		.4byte	.LFB39
 895 0396 E0000000 		.4byte	.LFE39-.LFB39
 896 039a 01       		.uleb128 0x1
 897 039b 9C       		.byte	0x9c
 898 039c BA040000 		.4byte	0x4ba
 899 03a0 12       		.uleb128 0x12
 900 03a1 0C000000 		.4byte	.LVL19
 901 03a5 E9040000 		.4byte	0x4e9
 902 03a9 B7030000 		.4byte	0x3b7
 903 03ad 13       		.uleb128 0x13
 904 03ae 01       		.uleb128 0x1
 905 03af 50       		.byte	0x50
 906 03b0 05       		.uleb128 0x5
 907 03b1 03       		.byte	0x3
 908 03b2 AC000000 		.4byte	.LC22
 909 03b6 00       		.byte	0
 910 03b7 12       		.uleb128 0x12
 911 03b8 54000000 		.4byte	.LVL20
 912 03bc F4040000 		.4byte	0x4f4
 913 03c0 CE030000 		.4byte	0x3ce
 914 03c4 13       		.uleb128 0x13
 915 03c5 01       		.uleb128 0x1
 916 03c6 50       		.byte	0x50
 917 03c7 05       		.uleb128 0x5
 918 03c8 03       		.byte	0x3
 919 03c9 B8000000 		.4byte	.LC24
 920 03cd 00       		.byte	0
 921 03ce 12       		.uleb128 0x12
 922 03cf 5C000000 		.4byte	.LVL21
 923 03d3 F4040000 		.4byte	0x4f4
 924 03d7 E5030000 		.4byte	0x3e5
 925 03db 13       		.uleb128 0x13
 926 03dc 01       		.uleb128 0x1
 927 03dd 50       		.byte	0x50
 928 03de 05       		.uleb128 0x5
 929 03df 03       		.byte	0x3
 930 03e0 BC000000 		.4byte	.LC26
 931 03e4 00       		.byte	0
 932 03e5 12       		.uleb128 0x12
 933 03e6 64000000 		.4byte	.LVL22
 934 03ea F4040000 		.4byte	0x4f4
ARM GAS  C:\Users\Lenovo\AppData\Local\Temp\ccDT8Sjz.s 			page 23


 935 03ee FC030000 		.4byte	0x3fc
 936 03f2 13       		.uleb128 0x13
 937 03f3 01       		.uleb128 0x1
 938 03f4 50       		.byte	0x50
 939 03f5 05       		.uleb128 0x5
 940 03f6 03       		.byte	0x3
 941 03f7 D0000000 		.4byte	.LC28
 942 03fb 00       		.byte	0
 943 03fc 12       		.uleb128 0x12
 944 03fd 6C000000 		.4byte	.LVL23
 945 0401 F4040000 		.4byte	0x4f4
 946 0405 13040000 		.4byte	0x413
 947 0409 13       		.uleb128 0x13
 948 040a 01       		.uleb128 0x1
 949 040b 50       		.byte	0x50
 950 040c 05       		.uleb128 0x5
 951 040d 03       		.byte	0x3
 952 040e E4000000 		.4byte	.LC30
 953 0412 00       		.byte	0
 954 0413 12       		.uleb128 0x12
 955 0414 74000000 		.4byte	.LVL24
 956 0418 F4040000 		.4byte	0x4f4
 957 041c 2A040000 		.4byte	0x42a
 958 0420 13       		.uleb128 0x13
 959 0421 01       		.uleb128 0x1
 960 0422 50       		.byte	0x50
 961 0423 05       		.uleb128 0x5
 962 0424 03       		.byte	0x3
 963 0425 F8000000 		.4byte	.LC32
 964 0429 00       		.byte	0
 965 042a 12       		.uleb128 0x12
 966 042b 7C000000 		.4byte	.LVL25
 967 042f F4040000 		.4byte	0x4f4
 968 0433 41040000 		.4byte	0x441
 969 0437 13       		.uleb128 0x13
 970 0438 01       		.uleb128 0x1
 971 0439 50       		.byte	0x50
 972 043a 05       		.uleb128 0x5
 973 043b 03       		.byte	0x3
 974 043c 14010000 		.4byte	.LC34
 975 0440 00       		.byte	0
 976 0441 12       		.uleb128 0x12
 977 0442 84000000 		.4byte	.LVL26
 978 0446 F4040000 		.4byte	0x4f4
 979 044a 58040000 		.4byte	0x458
 980 044e 13       		.uleb128 0x13
 981 044f 01       		.uleb128 0x1
 982 0450 50       		.byte	0x50
 983 0451 05       		.uleb128 0x5
 984 0452 03       		.byte	0x3
 985 0453 2C010000 		.4byte	.LC36
 986 0457 00       		.byte	0
 987 0458 12       		.uleb128 0x12
 988 0459 8C000000 		.4byte	.LVL27
 989 045d E9040000 		.4byte	0x4e9
 990 0461 6F040000 		.4byte	0x46f
 991 0465 13       		.uleb128 0x13
ARM GAS  C:\Users\Lenovo\AppData\Local\Temp\ccDT8Sjz.s 			page 24


 992 0466 01       		.uleb128 0x1
 993 0467 50       		.byte	0x50
 994 0468 05       		.uleb128 0x5
 995 0469 03       		.byte	0x3
 996 046a 50010000 		.4byte	.LC38
 997 046e 00       		.byte	0
 998 046f 0F       		.uleb128 0xf
 999 0470 90000000 		.4byte	.LVL28
 1000 0474 D8020000 		.4byte	0x2d8
 1001 0478 12       		.uleb128 0x12
 1002 0479 98000000 		.4byte	.LVL29
 1003 047d F4040000 		.4byte	0x4f4
 1004 0481 8F040000 		.4byte	0x48f
 1005 0485 13       		.uleb128 0x13
 1006 0486 01       		.uleb128 0x1
 1007 0487 50       		.byte	0x50
 1008 0488 05       		.uleb128 0x5
 1009 0489 03       		.byte	0x3
 1010 048a 60010000 		.4byte	.LC40
 1011 048e 00       		.byte	0
 1012 048f 12       		.uleb128 0x12
 1013 0490 A0000000 		.4byte	.LVL30
 1014 0494 F4040000 		.4byte	0x4f4
 1015 0498 A6040000 		.4byte	0x4a6
 1016 049c 13       		.uleb128 0x13
 1017 049d 01       		.uleb128 0x1
 1018 049e 50       		.byte	0x50
 1019 049f 05       		.uleb128 0x5
 1020 04a0 03       		.byte	0x3
 1021 04a1 7C010000 		.4byte	.LC42
 1022 04a5 00       		.byte	0
 1023 04a6 14       		.uleb128 0x14
 1024 04a7 A8000000 		.4byte	.LVL31
 1025 04ab F4040000 		.4byte	0x4f4
 1026 04af 13       		.uleb128 0x13
 1027 04b0 01       		.uleb128 0x1
 1028 04b1 50       		.byte	0x50
 1029 04b2 05       		.uleb128 0x5
 1030 04b3 03       		.byte	0x3
 1031 04b4 98010000 		.4byte	.LC44
 1032 04b8 00       		.byte	0
 1033 04b9 00       		.byte	0
 1034 04ba 15       		.uleb128 0x15
 1035 04bb 14060000 		.4byte	.LASF67
 1036 04bf 04       		.byte	0x4
 1037 04c0 B30A     		.2byte	0xab3
 1038 04c2 0D020000 		.4byte	0x20d
 1039 04c6 16       		.uleb128 0x16
 1040 04c7 4E030000 		.4byte	.LASF68
 1041 04cb 05       		.byte	0x5
 1042 04cc 54       		.byte	0x54
 1043 04cd 8B010000 		.4byte	0x18b
 1044 04d1 17       		.uleb128 0x17
 1045 04d2 99060000 		.4byte	.LASF69
 1046 04d6 99060000 		.4byte	.LASF69
 1047 04da 06       		.byte	0x6
 1048 04db 4403     		.2byte	0x344
ARM GAS  C:\Users\Lenovo\AppData\Local\Temp\ccDT8Sjz.s 			page 25


 1049 04dd 17       		.uleb128 0x17
 1050 04de 88050000 		.4byte	.LASF70
 1051 04e2 88050000 		.4byte	.LASF70
 1052 04e6 03       		.byte	0x3
 1053 04e7 BC09     		.2byte	0x9bc
 1054 04e9 18       		.uleb128 0x18
 1055 04ea 06030000 		.4byte	.LASF71
 1056 04ee 06030000 		.4byte	.LASF71
 1057 04f2 07       		.byte	0x7
 1058 04f3 BB       		.byte	0xbb
 1059 04f4 19       		.uleb128 0x19
 1060 04f5 54020000 		.4byte	.LASF76
 1061 04f9 4E000000 		.4byte	.LASF77
 1062 04fd 08       		.byte	0x8
 1063 04fe 00       		.byte	0
 1064 04ff 54020000 		.4byte	.LASF76
 1065 0503 00       		.byte	0
 1066              		.section	.debug_abbrev,"",%progbits
 1067              	.Ldebug_abbrev0:
 1068 0000 01       		.uleb128 0x1
 1069 0001 11       		.uleb128 0x11
 1070 0002 01       		.byte	0x1
 1071 0003 25       		.uleb128 0x25
 1072 0004 0E       		.uleb128 0xe
 1073 0005 13       		.uleb128 0x13
 1074 0006 0B       		.uleb128 0xb
 1075 0007 03       		.uleb128 0x3
 1076 0008 0E       		.uleb128 0xe
 1077 0009 1B       		.uleb128 0x1b
 1078 000a 0E       		.uleb128 0xe
 1079 000b 55       		.uleb128 0x55
 1080 000c 17       		.uleb128 0x17
 1081 000d 11       		.uleb128 0x11
 1082 000e 01       		.uleb128 0x1
 1083 000f 10       		.uleb128 0x10
 1084 0010 17       		.uleb128 0x17
 1085 0011 00       		.byte	0
 1086 0012 00       		.byte	0
 1087 0013 02       		.uleb128 0x2
 1088 0014 24       		.uleb128 0x24
 1089 0015 00       		.byte	0
 1090 0016 0B       		.uleb128 0xb
 1091 0017 0B       		.uleb128 0xb
 1092 0018 3E       		.uleb128 0x3e
 1093 0019 0B       		.uleb128 0xb
 1094 001a 03       		.uleb128 0x3
 1095 001b 0E       		.uleb128 0xe
 1096 001c 00       		.byte	0
 1097 001d 00       		.byte	0
 1098 001e 03       		.uleb128 0x3
 1099 001f 24       		.uleb128 0x24
 1100 0020 00       		.byte	0
 1101 0021 0B       		.uleb128 0xb
 1102 0022 0B       		.uleb128 0xb
 1103 0023 3E       		.uleb128 0x3e
 1104 0024 0B       		.uleb128 0xb
 1105 0025 03       		.uleb128 0x3
ARM GAS  C:\Users\Lenovo\AppData\Local\Temp\ccDT8Sjz.s 			page 26


 1106 0026 08       		.uleb128 0x8
 1107 0027 00       		.byte	0
 1108 0028 00       		.byte	0
 1109 0029 04       		.uleb128 0x4
 1110 002a 16       		.uleb128 0x16
 1111 002b 00       		.byte	0
 1112 002c 03       		.uleb128 0x3
 1113 002d 0E       		.uleb128 0xe
 1114 002e 3A       		.uleb128 0x3a
 1115 002f 0B       		.uleb128 0xb
 1116 0030 3B       		.uleb128 0x3b
 1117 0031 05       		.uleb128 0x5
 1118 0032 49       		.uleb128 0x49
 1119 0033 13       		.uleb128 0x13
 1120 0034 00       		.byte	0
 1121 0035 00       		.byte	0
 1122 0036 05       		.uleb128 0x5
 1123 0037 0F       		.uleb128 0xf
 1124 0038 00       		.byte	0
 1125 0039 0B       		.uleb128 0xb
 1126 003a 0B       		.uleb128 0xb
 1127 003b 49       		.uleb128 0x49
 1128 003c 13       		.uleb128 0x13
 1129 003d 00       		.byte	0
 1130 003e 00       		.byte	0
 1131 003f 06       		.uleb128 0x6
 1132 0040 04       		.uleb128 0x4
 1133 0041 01       		.byte	0x1
 1134 0042 0B       		.uleb128 0xb
 1135 0043 0B       		.uleb128 0xb
 1136 0044 49       		.uleb128 0x49
 1137 0045 13       		.uleb128 0x13
 1138 0046 3A       		.uleb128 0x3a
 1139 0047 0B       		.uleb128 0xb
 1140 0048 3B       		.uleb128 0x3b
 1141 0049 05       		.uleb128 0x5
 1142 004a 01       		.uleb128 0x1
 1143 004b 13       		.uleb128 0x13
 1144 004c 00       		.byte	0
 1145 004d 00       		.byte	0
 1146 004e 07       		.uleb128 0x7
 1147 004f 28       		.uleb128 0x28
 1148 0050 00       		.byte	0
 1149 0051 03       		.uleb128 0x3
 1150 0052 0E       		.uleb128 0xe
 1151 0053 1C       		.uleb128 0x1c
 1152 0054 0B       		.uleb128 0xb
 1153 0055 00       		.byte	0
 1154 0056 00       		.byte	0
 1155 0057 08       		.uleb128 0x8
 1156 0058 28       		.uleb128 0x28
 1157 0059 00       		.byte	0
 1158 005a 03       		.uleb128 0x3
 1159 005b 0E       		.uleb128 0xe
 1160 005c 1C       		.uleb128 0x1c
 1161 005d 05       		.uleb128 0x5
 1162 005e 00       		.byte	0
ARM GAS  C:\Users\Lenovo\AppData\Local\Temp\ccDT8Sjz.s 			page 27


 1163 005f 00       		.byte	0
 1164 0060 09       		.uleb128 0x9
 1165 0061 13       		.uleb128 0x13
 1166 0062 01       		.byte	0x1
 1167 0063 0B       		.uleb128 0xb
 1168 0064 0B       		.uleb128 0xb
 1169 0065 3A       		.uleb128 0x3a
 1170 0066 0B       		.uleb128 0xb
 1171 0067 3B       		.uleb128 0x3b
 1172 0068 05       		.uleb128 0x5
 1173 0069 01       		.uleb128 0x1
 1174 006a 13       		.uleb128 0x13
 1175 006b 00       		.byte	0
 1176 006c 00       		.byte	0
 1177 006d 0A       		.uleb128 0xa
 1178 006e 0D       		.uleb128 0xd
 1179 006f 00       		.byte	0
 1180 0070 03       		.uleb128 0x3
 1181 0071 0E       		.uleb128 0xe
 1182 0072 3A       		.uleb128 0x3a
 1183 0073 0B       		.uleb128 0xb
 1184 0074 3B       		.uleb128 0x3b
 1185 0075 05       		.uleb128 0x5
 1186 0076 49       		.uleb128 0x49
 1187 0077 13       		.uleb128 0x13
 1188 0078 38       		.uleb128 0x38
 1189 0079 0B       		.uleb128 0xb
 1190 007a 00       		.byte	0
 1191 007b 00       		.byte	0
 1192 007c 0B       		.uleb128 0xb
 1193 007d 2E       		.uleb128 0x2e
 1194 007e 01       		.byte	0x1
 1195 007f 3F       		.uleb128 0x3f
 1196 0080 19       		.uleb128 0x19
 1197 0081 03       		.uleb128 0x3
 1198 0082 0E       		.uleb128 0xe
 1199 0083 3A       		.uleb128 0x3a
 1200 0084 0B       		.uleb128 0xb
 1201 0085 3B       		.uleb128 0x3b
 1202 0086 0B       		.uleb128 0xb
 1203 0087 27       		.uleb128 0x27
 1204 0088 19       		.uleb128 0x19
 1205 0089 49       		.uleb128 0x49
 1206 008a 13       		.uleb128 0x13
 1207 008b 11       		.uleb128 0x11
 1208 008c 01       		.uleb128 0x1
 1209 008d 12       		.uleb128 0x12
 1210 008e 06       		.uleb128 0x6
 1211 008f 40       		.uleb128 0x40
 1212 0090 18       		.uleb128 0x18
 1213 0091 9742     		.uleb128 0x2117
 1214 0093 19       		.uleb128 0x19
 1215 0094 01       		.uleb128 0x1
 1216 0095 13       		.uleb128 0x13
 1217 0096 00       		.byte	0
 1218 0097 00       		.byte	0
 1219 0098 0C       		.uleb128 0xc
ARM GAS  C:\Users\Lenovo\AppData\Local\Temp\ccDT8Sjz.s 			page 28


 1220 0099 05       		.uleb128 0x5
 1221 009a 00       		.byte	0
 1222 009b 03       		.uleb128 0x3
 1223 009c 0E       		.uleb128 0xe
 1224 009d 3A       		.uleb128 0x3a
 1225 009e 0B       		.uleb128 0xb
 1226 009f 3B       		.uleb128 0x3b
 1227 00a0 0B       		.uleb128 0xb
 1228 00a1 49       		.uleb128 0x49
 1229 00a2 13       		.uleb128 0x13
 1230 00a3 02       		.uleb128 0x2
 1231 00a4 17       		.uleb128 0x17
 1232 00a5 00       		.byte	0
 1233 00a6 00       		.byte	0
 1234 00a7 0D       		.uleb128 0xd
 1235 00a8 05       		.uleb128 0x5
 1236 00a9 00       		.byte	0
 1237 00aa 03       		.uleb128 0x3
 1238 00ab 08       		.uleb128 0x8
 1239 00ac 3A       		.uleb128 0x3a
 1240 00ad 0B       		.uleb128 0xb
 1241 00ae 3B       		.uleb128 0x3b
 1242 00af 0B       		.uleb128 0xb
 1243 00b0 49       		.uleb128 0x49
 1244 00b1 13       		.uleb128 0x13
 1245 00b2 02       		.uleb128 0x2
 1246 00b3 17       		.uleb128 0x17
 1247 00b4 00       		.byte	0
 1248 00b5 00       		.byte	0
 1249 00b6 0E       		.uleb128 0xe
 1250 00b7 34       		.uleb128 0x34
 1251 00b8 00       		.byte	0
 1252 00b9 03       		.uleb128 0x3
 1253 00ba 08       		.uleb128 0x8
 1254 00bb 3A       		.uleb128 0x3a
 1255 00bc 0B       		.uleb128 0xb
 1256 00bd 3B       		.uleb128 0x3b
 1257 00be 0B       		.uleb128 0xb
 1258 00bf 49       		.uleb128 0x49
 1259 00c0 13       		.uleb128 0x13
 1260 00c1 02       		.uleb128 0x2
 1261 00c2 17       		.uleb128 0x17
 1262 00c3 00       		.byte	0
 1263 00c4 00       		.byte	0
 1264 00c5 0F       		.uleb128 0xf
 1265 00c6 898201   		.uleb128 0x4109
 1266 00c9 00       		.byte	0
 1267 00ca 11       		.uleb128 0x11
 1268 00cb 01       		.uleb128 0x1
 1269 00cc 31       		.uleb128 0x31
 1270 00cd 13       		.uleb128 0x13
 1271 00ce 00       		.byte	0
 1272 00cf 00       		.byte	0
 1273 00d0 10       		.uleb128 0x10
 1274 00d1 2E       		.uleb128 0x2e
 1275 00d2 01       		.byte	0x1
 1276 00d3 3F       		.uleb128 0x3f
ARM GAS  C:\Users\Lenovo\AppData\Local\Temp\ccDT8Sjz.s 			page 29


 1277 00d4 19       		.uleb128 0x19
 1278 00d5 03       		.uleb128 0x3
 1279 00d6 0E       		.uleb128 0xe
 1280 00d7 3A       		.uleb128 0x3a
 1281 00d8 0B       		.uleb128 0xb
 1282 00d9 3B       		.uleb128 0x3b
 1283 00da 0B       		.uleb128 0xb
 1284 00db 27       		.uleb128 0x27
 1285 00dc 19       		.uleb128 0x19
 1286 00dd 11       		.uleb128 0x11
 1287 00de 01       		.uleb128 0x1
 1288 00df 12       		.uleb128 0x12
 1289 00e0 06       		.uleb128 0x6
 1290 00e1 40       		.uleb128 0x40
 1291 00e2 18       		.uleb128 0x18
 1292 00e3 9742     		.uleb128 0x2117
 1293 00e5 19       		.uleb128 0x19
 1294 00e6 01       		.uleb128 0x1
 1295 00e7 13       		.uleb128 0x13
 1296 00e8 00       		.byte	0
 1297 00e9 00       		.byte	0
 1298 00ea 11       		.uleb128 0x11
 1299 00eb 34       		.uleb128 0x34
 1300 00ec 00       		.byte	0
 1301 00ed 03       		.uleb128 0x3
 1302 00ee 0E       		.uleb128 0xe
 1303 00ef 3A       		.uleb128 0x3a
 1304 00f0 0B       		.uleb128 0xb
 1305 00f1 3B       		.uleb128 0x3b
 1306 00f2 0B       		.uleb128 0xb
 1307 00f3 49       		.uleb128 0x49
 1308 00f4 13       		.uleb128 0x13
 1309 00f5 02       		.uleb128 0x2
 1310 00f6 18       		.uleb128 0x18
 1311 00f7 00       		.byte	0
 1312 00f8 00       		.byte	0
 1313 00f9 12       		.uleb128 0x12
 1314 00fa 898201   		.uleb128 0x4109
 1315 00fd 01       		.byte	0x1
 1316 00fe 11       		.uleb128 0x11
 1317 00ff 01       		.uleb128 0x1
 1318 0100 31       		.uleb128 0x31
 1319 0101 13       		.uleb128 0x13
 1320 0102 01       		.uleb128 0x1
 1321 0103 13       		.uleb128 0x13
 1322 0104 00       		.byte	0
 1323 0105 00       		.byte	0
 1324 0106 13       		.uleb128 0x13
 1325 0107 8A8201   		.uleb128 0x410a
 1326 010a 00       		.byte	0
 1327 010b 02       		.uleb128 0x2
 1328 010c 18       		.uleb128 0x18
 1329 010d 9142     		.uleb128 0x2111
 1330 010f 18       		.uleb128 0x18
 1331 0110 00       		.byte	0
 1332 0111 00       		.byte	0
 1333 0112 14       		.uleb128 0x14
ARM GAS  C:\Users\Lenovo\AppData\Local\Temp\ccDT8Sjz.s 			page 30


 1334 0113 898201   		.uleb128 0x4109
 1335 0116 01       		.byte	0x1
 1336 0117 11       		.uleb128 0x11
 1337 0118 01       		.uleb128 0x1
 1338 0119 31       		.uleb128 0x31
 1339 011a 13       		.uleb128 0x13
 1340 011b 00       		.byte	0
 1341 011c 00       		.byte	0
 1342 011d 15       		.uleb128 0x15
 1343 011e 34       		.uleb128 0x34
 1344 011f 00       		.byte	0
 1345 0120 03       		.uleb128 0x3
 1346 0121 0E       		.uleb128 0xe
 1347 0122 3A       		.uleb128 0x3a
 1348 0123 0B       		.uleb128 0xb
 1349 0124 3B       		.uleb128 0x3b
 1350 0125 05       		.uleb128 0x5
 1351 0126 49       		.uleb128 0x49
 1352 0127 13       		.uleb128 0x13
 1353 0128 3F       		.uleb128 0x3f
 1354 0129 19       		.uleb128 0x19
 1355 012a 3C       		.uleb128 0x3c
 1356 012b 19       		.uleb128 0x19
 1357 012c 00       		.byte	0
 1358 012d 00       		.byte	0
 1359 012e 16       		.uleb128 0x16
 1360 012f 34       		.uleb128 0x34
 1361 0130 00       		.byte	0
 1362 0131 03       		.uleb128 0x3
 1363 0132 0E       		.uleb128 0xe
 1364 0133 3A       		.uleb128 0x3a
 1365 0134 0B       		.uleb128 0xb
 1366 0135 3B       		.uleb128 0x3b
 1367 0136 0B       		.uleb128 0xb
 1368 0137 49       		.uleb128 0x49
 1369 0138 13       		.uleb128 0x13
 1370 0139 3F       		.uleb128 0x3f
 1371 013a 19       		.uleb128 0x19
 1372 013b 3C       		.uleb128 0x3c
 1373 013c 19       		.uleb128 0x19
 1374 013d 00       		.byte	0
 1375 013e 00       		.byte	0
 1376 013f 17       		.uleb128 0x17
 1377 0140 2E       		.uleb128 0x2e
 1378 0141 00       		.byte	0
 1379 0142 3F       		.uleb128 0x3f
 1380 0143 19       		.uleb128 0x19
 1381 0144 3C       		.uleb128 0x3c
 1382 0145 19       		.uleb128 0x19
 1383 0146 6E       		.uleb128 0x6e
 1384 0147 0E       		.uleb128 0xe
 1385 0148 03       		.uleb128 0x3
 1386 0149 0E       		.uleb128 0xe
 1387 014a 3A       		.uleb128 0x3a
 1388 014b 0B       		.uleb128 0xb
 1389 014c 3B       		.uleb128 0x3b
 1390 014d 05       		.uleb128 0x5
ARM GAS  C:\Users\Lenovo\AppData\Local\Temp\ccDT8Sjz.s 			page 31


 1391 014e 00       		.byte	0
 1392 014f 00       		.byte	0
 1393 0150 18       		.uleb128 0x18
 1394 0151 2E       		.uleb128 0x2e
 1395 0152 00       		.byte	0
 1396 0153 3F       		.uleb128 0x3f
 1397 0154 19       		.uleb128 0x19
 1398 0155 3C       		.uleb128 0x3c
 1399 0156 19       		.uleb128 0x19
 1400 0157 6E       		.uleb128 0x6e
 1401 0158 0E       		.uleb128 0xe
 1402 0159 03       		.uleb128 0x3
 1403 015a 0E       		.uleb128 0xe
 1404 015b 3A       		.uleb128 0x3a
 1405 015c 0B       		.uleb128 0xb
 1406 015d 3B       		.uleb128 0x3b
 1407 015e 0B       		.uleb128 0xb
 1408 015f 00       		.byte	0
 1409 0160 00       		.byte	0
 1410 0161 19       		.uleb128 0x19
 1411 0162 2E       		.uleb128 0x2e
 1412 0163 00       		.byte	0
 1413 0164 3F       		.uleb128 0x3f
 1414 0165 19       		.uleb128 0x19
 1415 0166 3C       		.uleb128 0x3c
 1416 0167 19       		.uleb128 0x19
 1417 0168 6E       		.uleb128 0x6e
 1418 0169 0E       		.uleb128 0xe
 1419 016a 03       		.uleb128 0x3
 1420 016b 0E       		.uleb128 0xe
 1421 016c 3A       		.uleb128 0x3a
 1422 016d 0B       		.uleb128 0xb
 1423 016e 3B       		.uleb128 0x3b
 1424 016f 0B       		.uleb128 0xb
 1425 0170 6E       		.uleb128 0x6e
 1426 0171 0E       		.uleb128 0xe
 1427 0172 00       		.byte	0
 1428 0173 00       		.byte	0
 1429 0174 00       		.byte	0
 1430              		.section	.debug_loc,"",%progbits
 1431              	.Ldebug_loc0:
 1432              	.LLST0:
 1433 0000 00000000 		.4byte	.LVL0
 1434 0004 08000000 		.4byte	.LVL2
 1435 0008 0100     		.2byte	0x1
 1436 000a 50       		.byte	0x50
 1437 000b 08000000 		.4byte	.LVL2
 1438 000f 1C000000 		.4byte	.LFE36
 1439 0013 0400     		.2byte	0x4
 1440 0015 F3       		.byte	0xf3
 1441 0016 01       		.uleb128 0x1
 1442 0017 50       		.byte	0x50
 1443 0018 9F       		.byte	0x9f
 1444 0019 00000000 		.4byte	0
 1445 001d 00000000 		.4byte	0
 1446              	.LLST1:
 1447 0021 00000000 		.4byte	.LVL0
ARM GAS  C:\Users\Lenovo\AppData\Local\Temp\ccDT8Sjz.s 			page 32


 1448 0025 0A000000 		.4byte	.LVL3
 1449 0029 0100     		.2byte	0x1
 1450 002b 51       		.byte	0x51
 1451 002c 0A000000 		.4byte	.LVL3
 1452 0030 14000000 		.4byte	.LVL6
 1453 0034 0100     		.2byte	0x1
 1454 0036 55       		.byte	0x55
 1455 0037 14000000 		.4byte	.LVL6
 1456 003b 1C000000 		.4byte	.LFE36
 1457 003f 0100     		.2byte	0x1
 1458 0041 51       		.byte	0x51
 1459 0042 00000000 		.4byte	0
 1460 0046 00000000 		.4byte	0
 1461              	.LLST2:
 1462 004a 00000000 		.4byte	.LVL0
 1463 004e 08000000 		.4byte	.LVL2
 1464 0052 0100     		.2byte	0x1
 1465 0054 52       		.byte	0x52
 1466 0055 08000000 		.4byte	.LVL2
 1467 0059 1A000000 		.4byte	.LVL8
 1468 005d 0100     		.2byte	0x1
 1469 005f 56       		.byte	0x56
 1470 0060 1A000000 		.4byte	.LVL8
 1471 0064 1C000000 		.4byte	.LFE36
 1472 0068 0100     		.2byte	0x1
 1473 006a 50       		.byte	0x50
 1474 006b 00000000 		.4byte	0
 1475 006f 00000000 		.4byte	0
 1476              	.LLST3:
 1477 0073 04000000 		.4byte	.LVL1
 1478 0077 08000000 		.4byte	.LVL2
 1479 007b 0200     		.2byte	0x2
 1480 007d 30       		.byte	0x30
 1481 007e 9F       		.byte	0x9f
 1482 007f 08000000 		.4byte	.LVL2
 1483 0083 1A000000 		.4byte	.LVL7
 1484 0087 0100     		.2byte	0x1
 1485 0089 54       		.byte	0x54
 1486 008a 00000000 		.4byte	0
 1487 008e 00000000 		.4byte	0
 1488              		.section	.debug_aranges,"",%progbits
 1489 0000 34000000 		.4byte	0x34
 1490 0004 0200     		.2byte	0x2
 1491 0006 00000000 		.4byte	.Ldebug_info0
 1492 000a 04       		.byte	0x4
 1493 000b 00       		.byte	0
 1494 000c 0000     		.2byte	0
 1495 000e 0000     		.2byte	0
 1496 0010 00000000 		.4byte	.LFB36
 1497 0014 1C000000 		.4byte	.LFE36-.LFB36
 1498 0018 00000000 		.4byte	.LFB37
 1499 001c 40000000 		.4byte	.LFE37-.LFB37
 1500 0020 00000000 		.4byte	.LFB38
 1501 0024 6C000000 		.4byte	.LFE38-.LFB38
 1502 0028 00000000 		.4byte	.LFB39
 1503 002c E0000000 		.4byte	.LFE39-.LFB39
 1504 0030 00000000 		.4byte	0
ARM GAS  C:\Users\Lenovo\AppData\Local\Temp\ccDT8Sjz.s 			page 33


 1505 0034 00000000 		.4byte	0
 1506              		.section	.debug_ranges,"",%progbits
 1507              	.Ldebug_ranges0:
 1508 0000 00000000 		.4byte	.LFB36
 1509 0004 1C000000 		.4byte	.LFE36
 1510 0008 00000000 		.4byte	.LFB37
 1511 000c 40000000 		.4byte	.LFE37
 1512 0010 00000000 		.4byte	.LFB38
 1513 0014 6C000000 		.4byte	.LFE38
 1514 0018 00000000 		.4byte	.LFB39
 1515 001c E0000000 		.4byte	.LFE39
 1516 0020 00000000 		.4byte	0
 1517 0024 00000000 		.4byte	0
 1518              		.section	.debug_line,"",%progbits
 1519              	.Ldebug_line0:
 1520 0000 7F010000 		.section	.debug_str,"MS",%progbits,1
 1520      0200F600 
 1520      00000201 
 1520      FB0E0D00 
 1520      01010101 
 1521              	.LASF31:
 1522 0000 4359424C 		.ascii	"CYBLE_ERROR_L2CAP_PSM_NOT_REGISTERED\000"
 1522      455F4552 
 1522      524F525F 
 1522      4C324341 
 1522      505F5053 
 1523              	.LASF30:
 1524 0025 4359424C 		.ascii	"CYBLE_ERROR_L2CAP_PSM_ALREADY_REGISTERED\000"
 1524      455F4552 
 1524      524F525F 
 1524      4C324341 
 1524      505F5053 
 1525              	.LASF77:
 1526 004e 5F5F6275 		.ascii	"__builtin_puts\000"
 1526      696C7469 
 1526      6E5F7075 
 1526      747300
 1527              	.LASF51:
 1528 005d 6D616A6F 		.ascii	"majorVersion\000"
 1528      72566572 
 1528      73696F6E 
 1528      00
 1529              	.LASF33:
 1530 006a 4359424C 		.ascii	"CYBLE_ERROR_L2CAP_CHANNEL_NOT_FOUND\000"
 1530      455F4552 
 1530      524F525F 
 1530      4C324341 
 1530      505F4348 
 1531              	.LASF2:
 1532 008e 73686F72 		.ascii	"short int\000"
 1532      7420696E 
 1532      7400
 1533              	.LASF15:
 1534 0098 73697A65 		.ascii	"sizetype\000"
 1534      74797065 
 1534      00
 1535              	.LASF16:
ARM GAS  C:\Users\Lenovo\AppData\Local\Temp\ccDT8Sjz.s 			page 34


 1536 00a1 4359424C 		.ascii	"CYBLE_ERROR_OK\000"
 1536      455F4552 
 1536      524F525F 
 1536      4F4B00
 1537              	.LASF42:
 1538 00b0 4359424C 		.ascii	"CYBLE_ERROR_LL_SAME_TRANSACTION_COLLISION\000"
 1538      455F4552 
 1538      524F525F 
 1538      4C4C5F53 
 1538      414D455F 
 1539              	.LASF37:
 1540 00da 4359424C 		.ascii	"CYBLE_ERROR_FLASH_WRITE_NOT_PERMITED\000"
 1540      455F4552 
 1540      524F525F 
 1540      464C4153 
 1540      485F5752 
 1541              	.LASF14:
 1542 00ff 6C6F6E67 		.ascii	"long double\000"
 1542      20646F75 
 1542      626C6500 
 1543              	.LASF75:
 1544 010b 5F777269 		.ascii	"_write\000"
 1544      746500
 1545              	.LASF38:
 1546 0112 4359424C 		.ascii	"CYBLE_ERROR_MIC_AUTH_FAILED\000"
 1546      455F4552 
 1546      524F525F 
 1546      4D49435F 
 1546      41555448 
 1547              	.LASF62:
 1548 012e 66696C65 		.ascii	"file\000"
 1548      00
 1549              	.LASF56:
 1550 0133 4359424C 		.ascii	"CYBLE_STATE_STOPPED\000"
 1550      455F5354 
 1550      4154455F 
 1550      53544F50 
 1550      50454400 
 1551              	.LASF17:
 1552 0147 4359424C 		.ascii	"CYBLE_ERROR_INVALID_PARAMETER\000"
 1552      455F4552 
 1552      524F525F 
 1552      494E5641 
 1552      4C49445F 
 1553              	.LASF21:
 1554 0165 4359424C 		.ascii	"CYBLE_ERROR_OOB_NOT_AVAILABLE\000"
 1554      455F4552 
 1554      524F525F 
 1554      4F4F425F 
 1554      4E4F545F 
 1555              	.LASF64:
 1556 0183 5072696E 		.ascii	"PrintStackVersion\000"
 1556      74537461 
 1556      636B5665 
 1556      7273696F 
 1556      6E00
 1557              	.LASF72:
ARM GAS  C:\Users\Lenovo\AppData\Local\Temp\ccDT8Sjz.s 			page 35


 1558 0195 474E5520 		.ascii	"GNU C11 5.4.1 20160609 (release) [ARM/embedded-5-br"
 1558      43313120 
 1558      352E342E 
 1558      31203230 
 1558      31363036 
 1559 01c8 616E6368 		.ascii	"anch revision 237715] -mcpu=cortex-m0 -mthumb -g -O"
 1559      20726576 
 1559      6973696F 
 1559      6E203233 
 1559      37373135 
 1560 01fb 67202D66 		.ascii	"g -ffunction-sections -ffat-lto-objects\000"
 1560      66756E63 
 1560      74696F6E 
 1560      2D736563 
 1560      74696F6E 
 1561              	.LASF18:
 1562 0223 4359424C 		.ascii	"CYBLE_ERROR_INVALID_OPERATION\000"
 1562      455F4552 
 1562      524F525F 
 1562      494E5641 
 1562      4C49445F 
 1563              	.LASF50:
 1564 0241 4359424C 		.ascii	"CYBLE_API_RESULT_T\000"
 1564      455F4150 
 1564      495F5245 
 1564      53554C54 
 1564      5F5400
 1565              	.LASF76:
 1566 0254 70757473 		.ascii	"puts\000"
 1566      00
 1567              	.LASF22:
 1568 0259 4359424C 		.ascii	"CYBLE_ERROR_NO_CONNECTION\000"
 1568      455F4552 
 1568      524F525F 
 1568      4E4F5F43 
 1568      4F4E4E45 
 1569              	.LASF57:
 1570 0273 4359424C 		.ascii	"CYBLE_STATE_INITIALIZING\000"
 1570      455F5354 
 1570      4154455F 
 1570      494E4954 
 1570      49414C49 
 1571              	.LASF26:
 1572 028c 4359424C 		.ascii	"CYBLE_ERROR_TX_POWER_READ\000"
 1572      455F4552 
 1572      524F525F 
 1572      54585F50 
 1572      4F574552 
 1573              	.LASF20:
 1574 02a6 4359424C 		.ascii	"CYBLE_ERROR_INSUFFICIENT_RESOURCES\000"
 1574      455F4552 
 1574      524F525F 
 1574      494E5355 
 1574      46464943 
 1575              	.LASF11:
 1576 02c9 666C6F61 		.ascii	"float\000"
 1576      7400
ARM GAS  C:\Users\Lenovo\AppData\Local\Temp\ccDT8Sjz.s 			page 36


 1577              	.LASF6:
 1578 02cf 6C6F6E67 		.ascii	"long long int\000"
 1578      206C6F6E 
 1578      6720696E 
 1578      7400
 1579              	.LASF27:
 1580 02dd 4359424C 		.ascii	"CYBLE_ERROR_BT_ON_NOT_COMPLETED\000"
 1580      455F4552 
 1580      524F525F 
 1580      42545F4F 
 1580      4E5F4E4F 
 1581              	.LASF4:
 1582 02fd 6C6F6E67 		.ascii	"long int\000"
 1582      20696E74 
 1582      00
 1583              	.LASF71:
 1584 0306 7072696E 		.ascii	"printf\000"
 1584      746600
 1585              	.LASF24:
 1586 030d 4359424C 		.ascii	"CYBLE_ERROR_REPEATED_ATTEMPTS\000"
 1586      455F4552 
 1586      524F525F 
 1586      52455045 
 1586      41544544 
 1587              	.LASF53:
 1588 032b 70617463 		.ascii	"patch\000"
 1588      6800
 1589              	.LASF23:
 1590 0331 4359424C 		.ascii	"CYBLE_ERROR_NO_DEVICE_ENTITY\000"
 1590      455F4552 
 1590      524F525F 
 1590      4E4F5F44 
 1590      45564943 
 1591              	.LASF68:
 1592 034e 61706952 		.ascii	"apiResult\000"
 1592      6573756C 
 1592      7400
 1593              	.LASF1:
 1594 0358 756E7369 		.ascii	"unsigned char\000"
 1594      676E6564 
 1594      20636861 
 1594      7200
 1595              	.LASF41:
 1596 0366 4359424C 		.ascii	"CYBLE_ERROR_FLASH_WRITE\000"
 1596      455F4552 
 1596      524F525F 
 1596      464C4153 
 1596      485F5752 
 1597              	.LASF73:
 1598 037e 64656275 		.ascii	"debug.c\000"
 1598      672E6300 
 1599              	.LASF0:
 1600 0386 7369676E 		.ascii	"signed char\000"
 1600      65642063 
 1600      68617200 
 1601              	.LASF7:
 1602 0392 6C6F6E67 		.ascii	"long long unsigned int\000"
ARM GAS  C:\Users\Lenovo\AppData\Local\Temp\ccDT8Sjz.s 			page 37


 1602      206C6F6E 
 1602      6720756E 
 1602      7369676E 
 1602      65642069 
 1603              	.LASF28:
 1604 03a9 4359424C 		.ascii	"CYBLE_ERROR_SEC_FAILED\000"
 1604      455F4552 
 1604      524F525F 
 1604      5345435F 
 1604      4641494C 
 1605              	.LASF25:
 1606 03c0 4359424C 		.ascii	"CYBLE_ERROR_GAP_ROLE\000"
 1606      455F4552 
 1606      524F525F 
 1606      4741505F 
 1606      524F4C45 
 1607              	.LASF8:
 1608 03d5 756E7369 		.ascii	"unsigned int\000"
 1608      676E6564 
 1608      20696E74 
 1608      00
 1609              	.LASF29:
 1610 03e2 4359424C 		.ascii	"CYBLE_ERROR_L2CAP_PSM_WRONG_ENCODING\000"
 1610      455F4552 
 1610      524F525F 
 1610      4C324341 
 1610      505F5053 
 1611              	.LASF60:
 1612 0407 4359424C 		.ascii	"CYBLE_STATE_DISCONNECTED\000"
 1612      455F5354 
 1612      4154455F 
 1612      44495343 
 1612      4F4E4E45 
 1613              	.LASF61:
 1614 0420 4359424C 		.ascii	"CYBLE_STATE_T\000"
 1614      455F5354 
 1614      4154455F 
 1614      5400
 1615              	.LASF47:
 1616 042e 4359424C 		.ascii	"CYBLE_ERROR_CHAR_IS_NOT_DISCOVERED\000"
 1616      455F4552 
 1616      524F525F 
 1616      43484152 
 1616      5F49535F 
 1617              	.LASF3:
 1618 0451 73686F72 		.ascii	"short unsigned int\000"
 1618      7420756E 
 1618      7369676E 
 1618      65642069 
 1618      6E7400
 1619              	.LASF66:
 1620 0464 5072696E 		.ascii	"PrintApiResult\000"
 1620      74417069 
 1620      52657375 
 1620      6C7400
 1621              	.LASF54:
 1622 0473 6275696C 		.ascii	"buildNumber\000"
ARM GAS  C:\Users\Lenovo\AppData\Local\Temp\ccDT8Sjz.s 			page 38


 1622      644E756D 
 1622      62657200 
 1623              	.LASF13:
 1624 047f 63686172 		.ascii	"char\000"
 1624      00
 1625              	.LASF49:
 1626 0484 4359424C 		.ascii	"CYBLE_ERROR_STACK_BUSY\000"
 1626      455F4552 
 1626      524F525F 
 1626      53544143 
 1626      4B5F4255 
 1627              	.LASF63:
 1628 049b 73746163 		.ascii	"stackVersion\000"
 1628      6B566572 
 1628      73696F6E 
 1628      00
 1629              	.LASF43:
 1630 04a8 4359424C 		.ascii	"CYBLE_ERROR_CONTROLLER_BUSY\000"
 1630      455F4552 
 1630      524F525F 
 1630      434F4E54 
 1630      524F4C4C 
 1631              	.LASF55:
 1632 04c4 4359424C 		.ascii	"CYBLE_STACK_LIB_VERSION_T\000"
 1632      455F5354 
 1632      41434B5F 
 1632      4C49425F 
 1632      56455253 
 1633              	.LASF19:
 1634 04de 4359424C 		.ascii	"CYBLE_ERROR_MEMORY_ALLOCATION_FAILED\000"
 1634      455F4552 
 1634      524F525F 
 1634      4D454D4F 
 1634      52595F41 
 1635              	.LASF58:
 1636 0503 4359424C 		.ascii	"CYBLE_STATE_CONNECTED\000"
 1636      455F5354 
 1636      4154455F 
 1636      434F4E4E 
 1636      45435445 
 1637              	.LASF40:
 1638 0519 4359424C 		.ascii	"CYBLE_ERROR_UNSUPPORTED_FEATURE_OR_PARAMETER_VALUE\000"
 1638      455F4552 
 1638      524F525F 
 1638      554E5355 
 1638      50504F52 
 1639              	.LASF9:
 1640 054c 75696E74 		.ascii	"uint16\000"
 1640      313600
 1641              	.LASF59:
 1642 0553 4359424C 		.ascii	"CYBLE_STATE_ADVERTISING\000"
 1642      455F5354 
 1642      4154455F 
 1642      41445645 
 1642      52544953 
 1643              	.LASF65:
 1644 056b 5072696E 		.ascii	"PrintState\000"
ARM GAS  C:\Users\Lenovo\AppData\Local\Temp\ccDT8Sjz.s 			page 39


 1644      74537461 
 1644      746500
 1645              	.LASF5:
 1646 0576 6C6F6E67 		.ascii	"long unsigned int\000"
 1646      20756E73 
 1646      69676E65 
 1646      6420696E 
 1646      7400
 1647              	.LASF70:
 1648 0588 4379426C 		.ascii	"CyBle_GetStackLibraryVersion\000"
 1648      655F4765 
 1648      74537461 
 1648      636B4C69 
 1648      62726172 
 1649              	.LASF10:
 1650 05a5 75696E74 		.ascii	"uint32\000"
 1650      333200
 1651              	.LASF35:
 1652 05ac 4359424C 		.ascii	"CYBLE_ERROR_GATT_DB_INVALID_ATTR_HANDLE\000"
 1652      455F4552 
 1652      524F525F 
 1652      47415454 
 1652      5F44425F 
 1653              	.LASF34:
 1654 05d4 4359424C 		.ascii	"CYBLE_ERROR_L2CAP_PSM_NOT_IN_RANGE\000"
 1654      455F4552 
 1654      524F525F 
 1654      4C324341 
 1654      505F5053 
 1655              	.LASF39:
 1656 05f7 4359424C 		.ascii	"CYBLE_ERROR_HARDWARE_FAILURE\000"
 1656      455F4552 
 1656      524F525F 
 1656      48415244 
 1656      57415245 
 1657              	.LASF67:
 1658 0614 6379426C 		.ascii	"cyBle_state\000"
 1658      655F7374 
 1658      61746500 
 1659              	.LASF45:
 1660 0620 4359424C 		.ascii	"CYBLE_ERROR_NTF_DISABLED\000"
 1660      455F4552 
 1660      524F525F 
 1660      4E54465F 
 1660      44495341 
 1661              	.LASF36:
 1662 0639 4359424C 		.ascii	"CYBLE_ERROR_DEVICE_ALREADY_EXISTS\000"
 1662      455F4552 
 1662      524F525F 
 1662      44455649 
 1662      43455F41 
 1663              	.LASF52:
 1664 065b 6D696E6F 		.ascii	"minorVersion\000"
 1664      72566572 
 1664      73696F6E 
 1664      00
 1665              	.LASF44:
ARM GAS  C:\Users\Lenovo\AppData\Local\Temp\ccDT8Sjz.s 			page 40


 1666 0668 4359424C 		.ascii	"CYBLE_ERROR_MAX\000"
 1666      455F4552 
 1666      524F525F 
 1666      4D415800 
 1667              	.LASF48:
 1668 0678 4359424C 		.ascii	"CYBLE_ERROR_INVALID_STATE\000"
 1668      455F4552 
 1668      524F525F 
 1668      494E5641 
 1668      4C49445F 
 1669              	.LASF12:
 1670 0692 646F7562 		.ascii	"double\000"
 1670      6C6500
 1671              	.LASF69:
 1672 0699 55415254 		.ascii	"UART_DEB_SpiUartWriteTxData\000"
 1672      5F444542 
 1672      5F537069 
 1672      55617274 
 1672      57726974 
 1673              	.LASF74:
 1674 06b5 443A5C55 		.ascii	"D:\\UCU\\POC\\PSoC_Projects_Embedded\\PSoC_LAB4\\la"
 1674      43555C50 
 1674      4F435C50 
 1674      536F435F 
 1674      50726F6A 
 1675 06e3 62362D70 		.ascii	"b6-psoc-3-shevchuk-lykhanskyi\\Lab_4_1_BLE_Automati"
 1675      736F632D 
 1675      332D7368 
 1675      65766368 
 1675      756B2D6C 
 1676 0715 6F6E5F49 		.ascii	"on_IO.cydsn\000"
 1676      4F2E6379 
 1676      64736E00 
 1677              	.LASF32:
 1678 0721 4359424C 		.ascii	"CYBLE_ERROR_L2CAP_CONNECTION_ENTITY_NOT_FOUND\000"
 1678      455F4552 
 1678      524F525F 
 1678      4C324341 
 1678      505F434F 
 1679              	.LASF46:
 1680 074f 4359424C 		.ascii	"CYBLE_ERROR_IND_DISABLED\000"
 1680      455F4552 
 1680      524F525F 
 1680      494E445F 
 1680      44495341 
 1681              		.ident	"GCC: (GNU Tools for ARM Embedded Processors) 5.4.1 20160609 (release) [ARM/embedded-5-bran
