ARM GAS  C:\Users\Lenovo\AppData\Local\Temp\ccYgUJTc.s 			page 1


   1              		.syntax unified
   2              		.cpu cortex-m0
   3              		.fpu softvfp
   4              		.eabi_attribute 20, 1
   5              		.eabi_attribute 21, 1
   6              		.eabi_attribute 23, 3
   7              		.eabi_attribute 24, 1
   8              		.eabi_attribute 25, 1
   9              		.eabi_attribute 26, 1
  10              		.eabi_attribute 30, 1
  11              		.eabi_attribute 34, 0
  12              		.eabi_attribute 18, 4
  13              		.thumb
  14              		.syntax unified
  15              		.file	"PWM_PM.c"
  16              		.text
  17              	.Ltext0:
  18              		.cfi_sections	.debug_frame
  19              		.section	.text.PWM_SaveConfig,"ax",%progbits
  20              		.align	2
  21              		.global	PWM_SaveConfig
  22              		.code	16
  23              		.thumb_func
  24              		.type	PWM_SaveConfig, %function
  25              	PWM_SaveConfig:
  26              	.LFB2:
  27              		.file 1 "Generated_Source\\PSoC4\\PWM_PM.c"
   1:Generated_Source\PSoC4/PWM_PM.c **** /*******************************************************************************
   2:Generated_Source\PSoC4/PWM_PM.c **** * File Name: PWM_PM.c
   3:Generated_Source\PSoC4/PWM_PM.c **** * Version 3.30
   4:Generated_Source\PSoC4/PWM_PM.c **** *
   5:Generated_Source\PSoC4/PWM_PM.c **** * Description:
   6:Generated_Source\PSoC4/PWM_PM.c **** *  This file provides the power management source code to API for the
   7:Generated_Source\PSoC4/PWM_PM.c **** *  PWM.
   8:Generated_Source\PSoC4/PWM_PM.c **** *
   9:Generated_Source\PSoC4/PWM_PM.c **** * Note:
  10:Generated_Source\PSoC4/PWM_PM.c **** *
  11:Generated_Source\PSoC4/PWM_PM.c **** ********************************************************************************
  12:Generated_Source\PSoC4/PWM_PM.c **** * Copyright 2008-2014, Cypress Semiconductor Corporation.  All rights reserved.
  13:Generated_Source\PSoC4/PWM_PM.c **** * You may use this file only in accordance with the license, terms, conditions,
  14:Generated_Source\PSoC4/PWM_PM.c **** * disclaimers, and limitations in the end user license agreement accompanying
  15:Generated_Source\PSoC4/PWM_PM.c **** * the software package with which this file was provided.
  16:Generated_Source\PSoC4/PWM_PM.c **** *******************************************************************************/
  17:Generated_Source\PSoC4/PWM_PM.c **** 
  18:Generated_Source\PSoC4/PWM_PM.c **** #include "PWM.h"
  19:Generated_Source\PSoC4/PWM_PM.c **** 
  20:Generated_Source\PSoC4/PWM_PM.c **** static PWM_backupStruct PWM_backup;
  21:Generated_Source\PSoC4/PWM_PM.c **** 
  22:Generated_Source\PSoC4/PWM_PM.c **** 
  23:Generated_Source\PSoC4/PWM_PM.c **** /*******************************************************************************
  24:Generated_Source\PSoC4/PWM_PM.c **** * Function Name: PWM_SaveConfig
  25:Generated_Source\PSoC4/PWM_PM.c **** ********************************************************************************
  26:Generated_Source\PSoC4/PWM_PM.c **** *
  27:Generated_Source\PSoC4/PWM_PM.c **** * Summary:
  28:Generated_Source\PSoC4/PWM_PM.c **** *  Saves the current user configuration of the component.
  29:Generated_Source\PSoC4/PWM_PM.c **** *
  30:Generated_Source\PSoC4/PWM_PM.c **** * Parameters:
ARM GAS  C:\Users\Lenovo\AppData\Local\Temp\ccYgUJTc.s 			page 2


  31:Generated_Source\PSoC4/PWM_PM.c **** *  None
  32:Generated_Source\PSoC4/PWM_PM.c **** *
  33:Generated_Source\PSoC4/PWM_PM.c **** * Return:
  34:Generated_Source\PSoC4/PWM_PM.c **** *  None
  35:Generated_Source\PSoC4/PWM_PM.c **** *
  36:Generated_Source\PSoC4/PWM_PM.c **** * Global variables:
  37:Generated_Source\PSoC4/PWM_PM.c **** *  PWM_backup:  Variables of this global structure are modified to
  38:Generated_Source\PSoC4/PWM_PM.c **** *  store the values of non retention configuration registers when Sleep() API is
  39:Generated_Source\PSoC4/PWM_PM.c **** *  called.
  40:Generated_Source\PSoC4/PWM_PM.c **** *
  41:Generated_Source\PSoC4/PWM_PM.c **** *******************************************************************************/
  42:Generated_Source\PSoC4/PWM_PM.c **** void PWM_SaveConfig(void) 
  43:Generated_Source\PSoC4/PWM_PM.c **** {
  28              		.loc 1 43 0
  29              		.cfi_startproc
  30              		@ args = 0, pretend = 0, frame = 0
  31              		@ frame_needed = 0, uses_anonymous_args = 0
  32 0000 10B5     		push	{r4, lr}
  33              		.cfi_def_cfa_offset 8
  34              		.cfi_offset 4, -8
  35              		.cfi_offset 14, -4
  44:Generated_Source\PSoC4/PWM_PM.c **** 
  45:Generated_Source\PSoC4/PWM_PM.c ****     #if(!PWM_UsingFixedFunction)
  46:Generated_Source\PSoC4/PWM_PM.c ****         #if(!PWM_PWMModeIsCenterAligned)
  47:Generated_Source\PSoC4/PWM_PM.c ****             PWM_backup.PWMPeriod = PWM_ReadPeriod();
  36              		.loc 1 47 0
  37 0002 FFF7FEFF 		bl	PWM_ReadPeriod
  38              	.LVL0:
  39 0006 044C     		ldr	r4, .L2
  40 0008 A070     		strb	r0, [r4, #2]
  48:Generated_Source\PSoC4/PWM_PM.c ****         #endif /* (!PWM_PWMModeIsCenterAligned) */
  49:Generated_Source\PSoC4/PWM_PM.c ****         PWM_backup.PWMUdb = PWM_ReadCounter();
  41              		.loc 1 49 0
  42 000a FFF7FEFF 		bl	PWM_ReadCounter
  43              	.LVL1:
  44 000e 6070     		strb	r0, [r4, #1]
  50:Generated_Source\PSoC4/PWM_PM.c ****         #if (PWM_UseStatus)
  51:Generated_Source\PSoC4/PWM_PM.c ****             PWM_backup.InterruptMaskValue = PWM_STATUS_MASK;
  52:Generated_Source\PSoC4/PWM_PM.c ****         #endif /* (PWM_UseStatus) */
  53:Generated_Source\PSoC4/PWM_PM.c **** 
  54:Generated_Source\PSoC4/PWM_PM.c ****         #if(PWM_DeadBandMode == PWM__B_PWM__DBM_256_CLOCKS || \
  55:Generated_Source\PSoC4/PWM_PM.c ****             PWM_DeadBandMode == PWM__B_PWM__DBM_2_4_CLOCKS)
  56:Generated_Source\PSoC4/PWM_PM.c ****             PWM_backup.PWMdeadBandValue = PWM_ReadDeadTime();
  57:Generated_Source\PSoC4/PWM_PM.c ****         #endif /*  deadband count is either 2-4 clocks or 256 clocks */
  58:Generated_Source\PSoC4/PWM_PM.c **** 
  59:Generated_Source\PSoC4/PWM_PM.c ****         #if(PWM_KillModeMinTime)
  60:Generated_Source\PSoC4/PWM_PM.c ****              PWM_backup.PWMKillCounterPeriod = PWM_ReadKillTime();
  61:Generated_Source\PSoC4/PWM_PM.c ****         #endif /* (PWM_KillModeMinTime) */
  62:Generated_Source\PSoC4/PWM_PM.c **** 
  63:Generated_Source\PSoC4/PWM_PM.c ****         #if(PWM_UseControl)
  64:Generated_Source\PSoC4/PWM_PM.c ****             PWM_backup.PWMControlRegister = PWM_ReadControlRegister();
  45              		.loc 1 64 0
  46 0010 FFF7FEFF 		bl	PWM_ReadControlRegister
  47              	.LVL2:
  48 0014 E070     		strb	r0, [r4, #3]
  65:Generated_Source\PSoC4/PWM_PM.c ****         #endif /* (PWM_UseControl) */
  66:Generated_Source\PSoC4/PWM_PM.c ****     #endif  /* (!PWM_UsingFixedFunction) */
ARM GAS  C:\Users\Lenovo\AppData\Local\Temp\ccYgUJTc.s 			page 3


  67:Generated_Source\PSoC4/PWM_PM.c **** }
  49              		.loc 1 67 0
  50              		@ sp needed
  51 0016 10BD     		pop	{r4, pc}
  52              	.L3:
  53              		.align	2
  54              	.L2:
  55 0018 00000000 		.word	.LANCHOR0
  56              		.cfi_endproc
  57              	.LFE2:
  58              		.size	PWM_SaveConfig, .-PWM_SaveConfig
  59              		.section	.text.PWM_RestoreConfig,"ax",%progbits
  60              		.align	2
  61              		.global	PWM_RestoreConfig
  62              		.code	16
  63              		.thumb_func
  64              		.type	PWM_RestoreConfig, %function
  65              	PWM_RestoreConfig:
  66              	.LFB3:
  68:Generated_Source\PSoC4/PWM_PM.c **** 
  69:Generated_Source\PSoC4/PWM_PM.c **** 
  70:Generated_Source\PSoC4/PWM_PM.c **** /*******************************************************************************
  71:Generated_Source\PSoC4/PWM_PM.c **** * Function Name: PWM_RestoreConfig
  72:Generated_Source\PSoC4/PWM_PM.c **** ********************************************************************************
  73:Generated_Source\PSoC4/PWM_PM.c **** *
  74:Generated_Source\PSoC4/PWM_PM.c **** * Summary:
  75:Generated_Source\PSoC4/PWM_PM.c **** *  Restores the current user configuration of the component.
  76:Generated_Source\PSoC4/PWM_PM.c **** *
  77:Generated_Source\PSoC4/PWM_PM.c **** * Parameters:
  78:Generated_Source\PSoC4/PWM_PM.c **** *  None
  79:Generated_Source\PSoC4/PWM_PM.c **** *
  80:Generated_Source\PSoC4/PWM_PM.c **** * Return:
  81:Generated_Source\PSoC4/PWM_PM.c **** *  None
  82:Generated_Source\PSoC4/PWM_PM.c **** *
  83:Generated_Source\PSoC4/PWM_PM.c **** * Global variables:
  84:Generated_Source\PSoC4/PWM_PM.c **** *  PWM_backup:  Variables of this global structure are used to
  85:Generated_Source\PSoC4/PWM_PM.c **** *  restore the values of non retention registers on wakeup from sleep mode.
  86:Generated_Source\PSoC4/PWM_PM.c **** *
  87:Generated_Source\PSoC4/PWM_PM.c **** *******************************************************************************/
  88:Generated_Source\PSoC4/PWM_PM.c **** void PWM_RestoreConfig(void) 
  89:Generated_Source\PSoC4/PWM_PM.c **** {
  67              		.loc 1 89 0
  68              		.cfi_startproc
  69              		@ args = 0, pretend = 0, frame = 0
  70              		@ frame_needed = 0, uses_anonymous_args = 0
  71 0000 10B5     		push	{r4, lr}
  72              		.cfi_def_cfa_offset 8
  73              		.cfi_offset 4, -8
  74              		.cfi_offset 14, -4
  90:Generated_Source\PSoC4/PWM_PM.c ****         #if(!PWM_UsingFixedFunction)
  91:Generated_Source\PSoC4/PWM_PM.c ****             #if(!PWM_PWMModeIsCenterAligned)
  92:Generated_Source\PSoC4/PWM_PM.c ****                 PWM_WritePeriod(PWM_backup.PWMPeriod);
  75              		.loc 1 92 0
  76 0002 054C     		ldr	r4, .L5
  77 0004 A078     		ldrb	r0, [r4, #2]
  78 0006 FFF7FEFF 		bl	PWM_WritePeriod
  79              	.LVL3:
ARM GAS  C:\Users\Lenovo\AppData\Local\Temp\ccYgUJTc.s 			page 4


  93:Generated_Source\PSoC4/PWM_PM.c ****             #endif /* (!PWM_PWMModeIsCenterAligned) */
  94:Generated_Source\PSoC4/PWM_PM.c **** 
  95:Generated_Source\PSoC4/PWM_PM.c ****             PWM_WriteCounter(PWM_backup.PWMUdb);
  80              		.loc 1 95 0
  81 000a 6078     		ldrb	r0, [r4, #1]
  82 000c FFF7FEFF 		bl	PWM_WriteCounter
  83              	.LVL4:
  96:Generated_Source\PSoC4/PWM_PM.c **** 
  97:Generated_Source\PSoC4/PWM_PM.c ****             #if (PWM_UseStatus)
  98:Generated_Source\PSoC4/PWM_PM.c ****                 PWM_STATUS_MASK = PWM_backup.InterruptMaskValue;
  99:Generated_Source\PSoC4/PWM_PM.c ****             #endif /* (PWM_UseStatus) */
 100:Generated_Source\PSoC4/PWM_PM.c **** 
 101:Generated_Source\PSoC4/PWM_PM.c ****             #if(PWM_DeadBandMode == PWM__B_PWM__DBM_256_CLOCKS || \
 102:Generated_Source\PSoC4/PWM_PM.c ****                 PWM_DeadBandMode == PWM__B_PWM__DBM_2_4_CLOCKS)
 103:Generated_Source\PSoC4/PWM_PM.c ****                 PWM_WriteDeadTime(PWM_backup.PWMdeadBandValue);
 104:Generated_Source\PSoC4/PWM_PM.c ****             #endif /* deadband count is either 2-4 clocks or 256 clocks */
 105:Generated_Source\PSoC4/PWM_PM.c **** 
 106:Generated_Source\PSoC4/PWM_PM.c ****             #if(PWM_KillModeMinTime)
 107:Generated_Source\PSoC4/PWM_PM.c ****                 PWM_WriteKillTime(PWM_backup.PWMKillCounterPeriod);
 108:Generated_Source\PSoC4/PWM_PM.c ****             #endif /* (PWM_KillModeMinTime) */
 109:Generated_Source\PSoC4/PWM_PM.c **** 
 110:Generated_Source\PSoC4/PWM_PM.c ****             #if(PWM_UseControl)
 111:Generated_Source\PSoC4/PWM_PM.c ****                 PWM_WriteControlRegister(PWM_backup.PWMControlRegister);
  84              		.loc 1 111 0
  85 0010 E078     		ldrb	r0, [r4, #3]
  86 0012 FFF7FEFF 		bl	PWM_WriteControlRegister
  87              	.LVL5:
 112:Generated_Source\PSoC4/PWM_PM.c ****             #endif /* (PWM_UseControl) */
 113:Generated_Source\PSoC4/PWM_PM.c ****         #endif  /* (!PWM_UsingFixedFunction) */
 114:Generated_Source\PSoC4/PWM_PM.c ****     }
  88              		.loc 1 114 0
  89              		@ sp needed
  90 0016 10BD     		pop	{r4, pc}
  91              	.L6:
  92              		.align	2
  93              	.L5:
  94 0018 00000000 		.word	.LANCHOR0
  95              		.cfi_endproc
  96              	.LFE3:
  97              		.size	PWM_RestoreConfig, .-PWM_RestoreConfig
  98              		.section	.text.PWM_Sleep,"ax",%progbits
  99              		.align	2
 100              		.global	PWM_Sleep
 101              		.code	16
 102              		.thumb_func
 103              		.type	PWM_Sleep, %function
 104              	PWM_Sleep:
 105              	.LFB4:
 115:Generated_Source\PSoC4/PWM_PM.c **** 
 116:Generated_Source\PSoC4/PWM_PM.c **** 
 117:Generated_Source\PSoC4/PWM_PM.c **** /*******************************************************************************
 118:Generated_Source\PSoC4/PWM_PM.c **** * Function Name: PWM_Sleep
 119:Generated_Source\PSoC4/PWM_PM.c **** ********************************************************************************
 120:Generated_Source\PSoC4/PWM_PM.c **** *
 121:Generated_Source\PSoC4/PWM_PM.c **** * Summary:
 122:Generated_Source\PSoC4/PWM_PM.c **** *  Disables block's operation and saves the user configuration. Should be called
 123:Generated_Source\PSoC4/PWM_PM.c **** *  just prior to entering sleep.
ARM GAS  C:\Users\Lenovo\AppData\Local\Temp\ccYgUJTc.s 			page 5


 124:Generated_Source\PSoC4/PWM_PM.c **** *
 125:Generated_Source\PSoC4/PWM_PM.c **** * Parameters:
 126:Generated_Source\PSoC4/PWM_PM.c **** *  None
 127:Generated_Source\PSoC4/PWM_PM.c **** *
 128:Generated_Source\PSoC4/PWM_PM.c **** * Return:
 129:Generated_Source\PSoC4/PWM_PM.c **** *  None
 130:Generated_Source\PSoC4/PWM_PM.c **** *
 131:Generated_Source\PSoC4/PWM_PM.c **** * Global variables:
 132:Generated_Source\PSoC4/PWM_PM.c **** *  PWM_backup.PWMEnableState:  Is modified depending on the enable
 133:Generated_Source\PSoC4/PWM_PM.c **** *  state of the block before entering sleep mode.
 134:Generated_Source\PSoC4/PWM_PM.c **** *
 135:Generated_Source\PSoC4/PWM_PM.c **** *******************************************************************************/
 136:Generated_Source\PSoC4/PWM_PM.c **** void PWM_Sleep(void) 
 137:Generated_Source\PSoC4/PWM_PM.c **** {
 106              		.loc 1 137 0
 107              		.cfi_startproc
 108              		@ args = 0, pretend = 0, frame = 0
 109              		@ frame_needed = 0, uses_anonymous_args = 0
 110 0000 10B5     		push	{r4, lr}
 111              		.cfi_def_cfa_offset 8
 112              		.cfi_offset 4, -8
 113              		.cfi_offset 14, -4
 138:Generated_Source\PSoC4/PWM_PM.c ****     #if(PWM_UseControl)
 139:Generated_Source\PSoC4/PWM_PM.c ****         if(PWM_CTRL_ENABLE == (PWM_CONTROL & PWM_CTRL_ENABLE))
 114              		.loc 1 139 0
 115 0002 084B     		ldr	r3, .L10
 116 0004 1B78     		ldrb	r3, [r3]
 117 0006 5BB2     		sxtb	r3, r3
 118 0008 002B     		cmp	r3, #0
 119 000a 03DA     		bge	.L8
 140:Generated_Source\PSoC4/PWM_PM.c ****         {
 141:Generated_Source\PSoC4/PWM_PM.c ****             /*Component is enabled */
 142:Generated_Source\PSoC4/PWM_PM.c ****             PWM_backup.PWMEnableState = 1u;
 120              		.loc 1 142 0
 121 000c 0122     		movs	r2, #1
 122 000e 064B     		ldr	r3, .L10+4
 123 0010 1A70     		strb	r2, [r3]
 124 0012 02E0     		b	.L9
 125              	.L8:
 143:Generated_Source\PSoC4/PWM_PM.c ****         }
 144:Generated_Source\PSoC4/PWM_PM.c ****         else
 145:Generated_Source\PSoC4/PWM_PM.c ****         {
 146:Generated_Source\PSoC4/PWM_PM.c ****             /* Component is disabled */
 147:Generated_Source\PSoC4/PWM_PM.c ****             PWM_backup.PWMEnableState = 0u;
 126              		.loc 1 147 0
 127 0014 0022     		movs	r2, #0
 128 0016 044B     		ldr	r3, .L10+4
 129 0018 1A70     		strb	r2, [r3]
 130              	.L9:
 148:Generated_Source\PSoC4/PWM_PM.c ****         }
 149:Generated_Source\PSoC4/PWM_PM.c ****     #endif /* (PWM_UseControl) */
 150:Generated_Source\PSoC4/PWM_PM.c **** 
 151:Generated_Source\PSoC4/PWM_PM.c ****     /* Stop component */
 152:Generated_Source\PSoC4/PWM_PM.c ****     PWM_Stop();
 131              		.loc 1 152 0
 132 001a FFF7FEFF 		bl	PWM_Stop
 133              	.LVL6:
ARM GAS  C:\Users\Lenovo\AppData\Local\Temp\ccYgUJTc.s 			page 6


 153:Generated_Source\PSoC4/PWM_PM.c **** 
 154:Generated_Source\PSoC4/PWM_PM.c ****     /* Save registers configuration */
 155:Generated_Source\PSoC4/PWM_PM.c ****     PWM_SaveConfig();
 134              		.loc 1 155 0
 135 001e FFF7FEFF 		bl	PWM_SaveConfig
 136              	.LVL7:
 156:Generated_Source\PSoC4/PWM_PM.c **** }
 137              		.loc 1 156 0
 138              		@ sp needed
 139 0022 10BD     		pop	{r4, pc}
 140              	.L11:
 141              		.align	2
 142              	.L10:
 143 0024 73000F40 		.word	1074724979
 144 0028 00000000 		.word	.LANCHOR0
 145              		.cfi_endproc
 146              	.LFE4:
 147              		.size	PWM_Sleep, .-PWM_Sleep
 148              		.section	.text.PWM_Wakeup,"ax",%progbits
 149              		.align	2
 150              		.global	PWM_Wakeup
 151              		.code	16
 152              		.thumb_func
 153              		.type	PWM_Wakeup, %function
 154              	PWM_Wakeup:
 155              	.LFB5:
 157:Generated_Source\PSoC4/PWM_PM.c **** 
 158:Generated_Source\PSoC4/PWM_PM.c **** 
 159:Generated_Source\PSoC4/PWM_PM.c **** /*******************************************************************************
 160:Generated_Source\PSoC4/PWM_PM.c **** * Function Name: PWM_Wakeup
 161:Generated_Source\PSoC4/PWM_PM.c **** ********************************************************************************
 162:Generated_Source\PSoC4/PWM_PM.c **** *
 163:Generated_Source\PSoC4/PWM_PM.c **** * Summary:
 164:Generated_Source\PSoC4/PWM_PM.c **** *  Restores and enables the user configuration. Should be called just after
 165:Generated_Source\PSoC4/PWM_PM.c **** *  awaking from sleep.
 166:Generated_Source\PSoC4/PWM_PM.c **** *
 167:Generated_Source\PSoC4/PWM_PM.c **** * Parameters:
 168:Generated_Source\PSoC4/PWM_PM.c **** *  None
 169:Generated_Source\PSoC4/PWM_PM.c **** *
 170:Generated_Source\PSoC4/PWM_PM.c **** * Return:
 171:Generated_Source\PSoC4/PWM_PM.c **** *  None
 172:Generated_Source\PSoC4/PWM_PM.c **** *
 173:Generated_Source\PSoC4/PWM_PM.c **** * Global variables:
 174:Generated_Source\PSoC4/PWM_PM.c **** *  PWM_backup.pwmEnable:  Is used to restore the enable state of
 175:Generated_Source\PSoC4/PWM_PM.c **** *  block on wakeup from sleep mode.
 176:Generated_Source\PSoC4/PWM_PM.c **** *
 177:Generated_Source\PSoC4/PWM_PM.c **** *******************************************************************************/
 178:Generated_Source\PSoC4/PWM_PM.c **** void PWM_Wakeup(void) 
 179:Generated_Source\PSoC4/PWM_PM.c **** {
 156              		.loc 1 179 0
 157              		.cfi_startproc
 158              		@ args = 0, pretend = 0, frame = 0
 159              		@ frame_needed = 0, uses_anonymous_args = 0
 160 0000 10B5     		push	{r4, lr}
 161              		.cfi_def_cfa_offset 8
 162              		.cfi_offset 4, -8
 163              		.cfi_offset 14, -4
ARM GAS  C:\Users\Lenovo\AppData\Local\Temp\ccYgUJTc.s 			page 7


 180:Generated_Source\PSoC4/PWM_PM.c ****      /* Restore registers values */
 181:Generated_Source\PSoC4/PWM_PM.c ****     PWM_RestoreConfig();
 164              		.loc 1 181 0
 165 0002 FFF7FEFF 		bl	PWM_RestoreConfig
 166              	.LVL8:
 182:Generated_Source\PSoC4/PWM_PM.c **** 
 183:Generated_Source\PSoC4/PWM_PM.c ****     if(PWM_backup.PWMEnableState != 0u)
 167              		.loc 1 183 0
 168 0006 034B     		ldr	r3, .L14
 169 0008 1B78     		ldrb	r3, [r3]
 170 000a 002B     		cmp	r3, #0
 171 000c 01D0     		beq	.L12
 184:Generated_Source\PSoC4/PWM_PM.c ****     {
 185:Generated_Source\PSoC4/PWM_PM.c ****         /* Enable component's operation */
 186:Generated_Source\PSoC4/PWM_PM.c ****         PWM_Enable();
 172              		.loc 1 186 0
 173 000e FFF7FEFF 		bl	PWM_Enable
 174              	.LVL9:
 175              	.L12:
 187:Generated_Source\PSoC4/PWM_PM.c ****     } /* Do nothing if component's block was disabled before */
 188:Generated_Source\PSoC4/PWM_PM.c **** 
 189:Generated_Source\PSoC4/PWM_PM.c **** }
 176              		.loc 1 189 0
 177              		@ sp needed
 178 0012 10BD     		pop	{r4, pc}
 179              	.L15:
 180              		.align	2
 181              	.L14:
 182 0014 00000000 		.word	.LANCHOR0
 183              		.cfi_endproc
 184              	.LFE5:
 185              		.size	PWM_Wakeup, .-PWM_Wakeup
 186              		.bss
 187              		.align	2
 188              		.set	.LANCHOR0,. + 0
 189              		.type	PWM_backup, %object
 190              		.size	PWM_backup, 4
 191              	PWM_backup:
 192 0000 00000000 		.space	4
 193              		.text
 194              	.Letext0:
 195              		.file 2 "Generated_Source\\PSoC4\\cytypes.h"
 196              		.file 3 "Generated_Source\\PSoC4\\PWM.h"
 197              		.section	.debug_info,"",%progbits
 198              	.Ldebug_info0:
 199 0000 07020000 		.4byte	0x207
 200 0004 0400     		.2byte	0x4
 201 0006 00000000 		.4byte	.Ldebug_abbrev0
 202 000a 04       		.byte	0x4
 203 000b 01       		.uleb128 0x1
 204 000c 24010000 		.4byte	.LASF33
 205 0010 0C       		.byte	0xc
 206 0011 16000000 		.4byte	.LASF34
 207 0015 21020000 		.4byte	.LASF35
 208 0019 00000000 		.4byte	.Ldebug_ranges0+0
 209 001d 00000000 		.4byte	0
 210 0021 00000000 		.4byte	.Ldebug_line0
ARM GAS  C:\Users\Lenovo\AppData\Local\Temp\ccYgUJTc.s 			page 8


 211 0025 02       		.uleb128 0x2
 212 0026 01       		.byte	0x1
 213 0027 06       		.byte	0x6
 214 0028 C3020000 		.4byte	.LASF0
 215 002c 02       		.uleb128 0x2
 216 002d 01       		.byte	0x1
 217 002e 08       		.byte	0x8
 218 002f 7D000000 		.4byte	.LASF1
 219 0033 02       		.uleb128 0x2
 220 0034 02       		.byte	0x2
 221 0035 05       		.byte	0x5
 222 0036 06020000 		.4byte	.LASF2
 223 003a 02       		.uleb128 0x2
 224 003b 02       		.byte	0x2
 225 003c 07       		.byte	0x7
 226 003d 36000000 		.4byte	.LASF3
 227 0041 02       		.uleb128 0x2
 228 0042 04       		.byte	0x4
 229 0043 05       		.byte	0x5
 230 0044 96020000 		.4byte	.LASF4
 231 0048 02       		.uleb128 0x2
 232 0049 04       		.byte	0x4
 233 004a 07       		.byte	0x7
 234 004b 9A000000 		.4byte	.LASF5
 235 004f 02       		.uleb128 0x2
 236 0050 08       		.byte	0x8
 237 0051 05       		.byte	0x5
 238 0052 CB010000 		.4byte	.LASF6
 239 0056 02       		.uleb128 0x2
 240 0057 08       		.byte	0x8
 241 0058 07       		.byte	0x7
 242 0059 03010000 		.4byte	.LASF7
 243 005d 03       		.uleb128 0x3
 244 005e 04       		.byte	0x4
 245 005f 05       		.byte	0x5
 246 0060 696E7400 		.ascii	"int\000"
 247 0064 02       		.uleb128 0x2
 248 0065 04       		.byte	0x4
 249 0066 07       		.byte	0x7
 250 0067 F6000000 		.4byte	.LASF8
 251 006b 04       		.uleb128 0x4
 252 006c BC000000 		.4byte	.LASF12
 253 0070 02       		.byte	0x2
 254 0071 D201     		.2byte	0x1d2
 255 0073 2C000000 		.4byte	0x2c
 256 0077 02       		.uleb128 0x2
 257 0078 04       		.byte	0x4
 258 0079 04       		.byte	0x4
 259 007a 6C000000 		.4byte	.LASF9
 260 007e 02       		.uleb128 0x2
 261 007f 08       		.byte	0x8
 262 0080 04       		.byte	0x4
 263 0081 E0000000 		.4byte	.LASF10
 264 0085 02       		.uleb128 0x2
 265 0086 01       		.byte	0x1
 266 0087 08       		.byte	0x8
 267 0088 D9010000 		.4byte	.LASF11
ARM GAS  C:\Users\Lenovo\AppData\Local\Temp\ccYgUJTc.s 			page 9


 268 008c 04       		.uleb128 0x4
 269 008d 07000000 		.4byte	.LASF13
 270 0091 02       		.byte	0x2
 271 0092 7C02     		.2byte	0x27c
 272 0094 98000000 		.4byte	0x98
 273 0098 05       		.uleb128 0x5
 274 0099 6B000000 		.4byte	0x6b
 275 009d 02       		.uleb128 0x2
 276 009e 08       		.byte	0x8
 277 009f 04       		.byte	0x4
 278 00a0 9F020000 		.4byte	.LASF14
 279 00a4 02       		.uleb128 0x2
 280 00a5 04       		.byte	0x4
 281 00a6 07       		.byte	0x7
 282 00a7 C2010000 		.4byte	.LASF15
 283 00ab 06       		.uleb128 0x6
 284 00ac 04       		.byte	0x4
 285 00ad 03       		.byte	0x3
 286 00ae 6B       		.byte	0x6b
 287 00af E4000000 		.4byte	0xe4
 288 00b3 07       		.uleb128 0x7
 289 00b4 8B000000 		.4byte	.LASF16
 290 00b8 03       		.byte	0x3
 291 00b9 6E       		.byte	0x6e
 292 00ba 6B000000 		.4byte	0x6b
 293 00be 00       		.byte	0
 294 00bf 07       		.uleb128 0x7
 295 00c0 00000000 		.4byte	.LASF17
 296 00c4 03       		.byte	0x3
 297 00c5 71       		.byte	0x71
 298 00c6 6B000000 		.4byte	0x6b
 299 00ca 01       		.byte	0x1
 300 00cb 07       		.uleb128 0x7
 301 00cc 0C000000 		.4byte	.LASF18
 302 00d0 03       		.byte	0x3
 303 00d1 73       		.byte	0x73
 304 00d2 6B000000 		.4byte	0x6b
 305 00d6 02       		.byte	0x2
 306 00d7 07       		.uleb128 0x7
 307 00d8 CD000000 		.4byte	.LASF19
 308 00dc 03       		.byte	0x3
 309 00dd 86       		.byte	0x86
 310 00de 6B000000 		.4byte	0x6b
 311 00e2 03       		.byte	0x3
 312 00e3 00       		.byte	0
 313 00e4 08       		.uleb128 0x8
 314 00e5 5B000000 		.4byte	.LASF20
 315 00e9 03       		.byte	0x3
 316 00ea 8B       		.byte	0x8b
 317 00eb AB000000 		.4byte	0xab
 318 00ef 09       		.uleb128 0x9
 319 00f0 E7000000 		.4byte	.LASF21
 320 00f4 01       		.byte	0x1
 321 00f5 2A       		.byte	0x2a
 322 00f6 00000000 		.4byte	.LFB2
 323 00fa 1C000000 		.4byte	.LFE2-.LFB2
 324 00fe 01       		.uleb128 0x1
ARM GAS  C:\Users\Lenovo\AppData\Local\Temp\ccYgUJTc.s 			page 10


 325 00ff 9C       		.byte	0x9c
 326 0100 20010000 		.4byte	0x120
 327 0104 0A       		.uleb128 0xa
 328 0105 06000000 		.4byte	.LVL0
 329 0109 B2010000 		.4byte	0x1b2
 330 010d 0A       		.uleb128 0xa
 331 010e 0E000000 		.4byte	.LVL1
 332 0112 BD010000 		.4byte	0x1bd
 333 0116 0A       		.uleb128 0xa
 334 0117 14000000 		.4byte	.LVL2
 335 011b C8010000 		.4byte	0x1c8
 336 011f 00       		.byte	0
 337 0120 09       		.uleb128 0x9
 338 0121 49000000 		.4byte	.LASF22
 339 0125 01       		.byte	0x1
 340 0126 58       		.byte	0x58
 341 0127 00000000 		.4byte	.LFB3
 342 012b 1C000000 		.4byte	.LFE3-.LFB3
 343 012f 01       		.uleb128 0x1
 344 0130 9C       		.byte	0x9c
 345 0131 51010000 		.4byte	0x151
 346 0135 0A       		.uleb128 0xa
 347 0136 0A000000 		.4byte	.LVL3
 348 013a D3010000 		.4byte	0x1d3
 349 013e 0A       		.uleb128 0xa
 350 013f 10000000 		.4byte	.LVL4
 351 0143 DE010000 		.4byte	0x1de
 352 0147 0A       		.uleb128 0xa
 353 0148 16000000 		.4byte	.LVL5
 354 014c E9010000 		.4byte	0x1e9
 355 0150 00       		.byte	0
 356 0151 09       		.uleb128 0x9
 357 0152 1A010000 		.4byte	.LASF23
 358 0156 01       		.byte	0x1
 359 0157 88       		.byte	0x88
 360 0158 00000000 		.4byte	.LFB4
 361 015c 2C000000 		.4byte	.LFE4-.LFB4
 362 0160 01       		.uleb128 0x1
 363 0161 9C       		.byte	0x9c
 364 0162 79010000 		.4byte	0x179
 365 0166 0A       		.uleb128 0xa
 366 0167 1E000000 		.4byte	.LVL6
 367 016b F4010000 		.4byte	0x1f4
 368 016f 0A       		.uleb128 0xa
 369 0170 22000000 		.4byte	.LVL7
 370 0174 EF000000 		.4byte	0xef
 371 0178 00       		.byte	0
 372 0179 09       		.uleb128 0x9
 373 017a C2000000 		.4byte	.LASF24
 374 017e 01       		.byte	0x1
 375 017f B2       		.byte	0xb2
 376 0180 00000000 		.4byte	.LFB5
 377 0184 18000000 		.4byte	.LFE5-.LFB5
 378 0188 01       		.uleb128 0x1
 379 0189 9C       		.byte	0x9c
 380 018a A1010000 		.4byte	0x1a1
 381 018e 0A       		.uleb128 0xa
ARM GAS  C:\Users\Lenovo\AppData\Local\Temp\ccYgUJTc.s 			page 11


 382 018f 06000000 		.4byte	.LVL8
 383 0193 20010000 		.4byte	0x120
 384 0197 0A       		.uleb128 0xa
 385 0198 12000000 		.4byte	.LVL9
 386 019c FF010000 		.4byte	0x1ff
 387 01a0 00       		.byte	0
 388 01a1 0B       		.uleb128 0xb
 389 01a2 72000000 		.4byte	.LASF36
 390 01a6 01       		.byte	0x1
 391 01a7 14       		.byte	0x14
 392 01a8 E4000000 		.4byte	0xe4
 393 01ac 05       		.uleb128 0x5
 394 01ad 03       		.byte	0x3
 395 01ae 00000000 		.4byte	PWM_backup
 396 01b2 0C       		.uleb128 0xc
 397 01b3 F7010000 		.4byte	.LASF25
 398 01b7 F7010000 		.4byte	.LASF25
 399 01bb 03       		.byte	0x3
 400 01bc C0       		.byte	0xc0
 401 01bd 0C       		.uleb128 0xc
 402 01be AC000000 		.4byte	.LASF26
 403 01c2 AC000000 		.4byte	.LASF26
 404 01c6 03       		.byte	0x3
 405 01c7 B3       		.byte	0xb3
 406 01c8 0C       		.uleb128 0xc
 407 01c9 AB020000 		.4byte	.LASF27
 408 01cd AB020000 		.4byte	.LASF27
 409 01d1 03       		.byte	0x3
 410 01d2 9D       		.byte	0x9d
 411 01d3 0C       		.uleb128 0xc
 412 01d4 B2010000 		.4byte	.LASF28
 413 01d8 B2010000 		.4byte	.LASF28
 414 01dc 03       		.byte	0x3
 415 01dd BE       		.byte	0xbe
 416 01de 0C       		.uleb128 0xc
 417 01df 10020000 		.4byte	.LASF29
 418 01e3 10020000 		.4byte	.LASF29
 419 01e7 03       		.byte	0x3
 420 01e8 BA       		.byte	0xba
 421 01e9 0C       		.uleb128 0xc
 422 01ea DE010000 		.4byte	.LASF30
 423 01ee DE010000 		.4byte	.LASF30
 424 01f2 03       		.byte	0x3
 425 01f3 9E       		.byte	0x9e
 426 01f4 0C       		.uleb128 0xc
 427 01f5 8D020000 		.4byte	.LASF31
 428 01f9 8D020000 		.4byte	.LASF31
 429 01fd 03       		.byte	0x3
 430 01fe 93       		.byte	0x93
 431 01ff 0C       		.uleb128 0xc
 432 0200 CF020000 		.4byte	.LASF32
 433 0204 CF020000 		.4byte	.LASF32
 434 0208 03       		.byte	0x3
 435 0209 DB       		.byte	0xdb
 436 020a 00       		.byte	0
 437              		.section	.debug_abbrev,"",%progbits
 438              	.Ldebug_abbrev0:
ARM GAS  C:\Users\Lenovo\AppData\Local\Temp\ccYgUJTc.s 			page 12


 439 0000 01       		.uleb128 0x1
 440 0001 11       		.uleb128 0x11
 441 0002 01       		.byte	0x1
 442 0003 25       		.uleb128 0x25
 443 0004 0E       		.uleb128 0xe
 444 0005 13       		.uleb128 0x13
 445 0006 0B       		.uleb128 0xb
 446 0007 03       		.uleb128 0x3
 447 0008 0E       		.uleb128 0xe
 448 0009 1B       		.uleb128 0x1b
 449 000a 0E       		.uleb128 0xe
 450 000b 55       		.uleb128 0x55
 451 000c 17       		.uleb128 0x17
 452 000d 11       		.uleb128 0x11
 453 000e 01       		.uleb128 0x1
 454 000f 10       		.uleb128 0x10
 455 0010 17       		.uleb128 0x17
 456 0011 00       		.byte	0
 457 0012 00       		.byte	0
 458 0013 02       		.uleb128 0x2
 459 0014 24       		.uleb128 0x24
 460 0015 00       		.byte	0
 461 0016 0B       		.uleb128 0xb
 462 0017 0B       		.uleb128 0xb
 463 0018 3E       		.uleb128 0x3e
 464 0019 0B       		.uleb128 0xb
 465 001a 03       		.uleb128 0x3
 466 001b 0E       		.uleb128 0xe
 467 001c 00       		.byte	0
 468 001d 00       		.byte	0
 469 001e 03       		.uleb128 0x3
 470 001f 24       		.uleb128 0x24
 471 0020 00       		.byte	0
 472 0021 0B       		.uleb128 0xb
 473 0022 0B       		.uleb128 0xb
 474 0023 3E       		.uleb128 0x3e
 475 0024 0B       		.uleb128 0xb
 476 0025 03       		.uleb128 0x3
 477 0026 08       		.uleb128 0x8
 478 0027 00       		.byte	0
 479 0028 00       		.byte	0
 480 0029 04       		.uleb128 0x4
 481 002a 16       		.uleb128 0x16
 482 002b 00       		.byte	0
 483 002c 03       		.uleb128 0x3
 484 002d 0E       		.uleb128 0xe
 485 002e 3A       		.uleb128 0x3a
 486 002f 0B       		.uleb128 0xb
 487 0030 3B       		.uleb128 0x3b
 488 0031 05       		.uleb128 0x5
 489 0032 49       		.uleb128 0x49
 490 0033 13       		.uleb128 0x13
 491 0034 00       		.byte	0
 492 0035 00       		.byte	0
 493 0036 05       		.uleb128 0x5
 494 0037 35       		.uleb128 0x35
 495 0038 00       		.byte	0
ARM GAS  C:\Users\Lenovo\AppData\Local\Temp\ccYgUJTc.s 			page 13


 496 0039 49       		.uleb128 0x49
 497 003a 13       		.uleb128 0x13
 498 003b 00       		.byte	0
 499 003c 00       		.byte	0
 500 003d 06       		.uleb128 0x6
 501 003e 13       		.uleb128 0x13
 502 003f 01       		.byte	0x1
 503 0040 0B       		.uleb128 0xb
 504 0041 0B       		.uleb128 0xb
 505 0042 3A       		.uleb128 0x3a
 506 0043 0B       		.uleb128 0xb
 507 0044 3B       		.uleb128 0x3b
 508 0045 0B       		.uleb128 0xb
 509 0046 01       		.uleb128 0x1
 510 0047 13       		.uleb128 0x13
 511 0048 00       		.byte	0
 512 0049 00       		.byte	0
 513 004a 07       		.uleb128 0x7
 514 004b 0D       		.uleb128 0xd
 515 004c 00       		.byte	0
 516 004d 03       		.uleb128 0x3
 517 004e 0E       		.uleb128 0xe
 518 004f 3A       		.uleb128 0x3a
 519 0050 0B       		.uleb128 0xb
 520 0051 3B       		.uleb128 0x3b
 521 0052 0B       		.uleb128 0xb
 522 0053 49       		.uleb128 0x49
 523 0054 13       		.uleb128 0x13
 524 0055 38       		.uleb128 0x38
 525 0056 0B       		.uleb128 0xb
 526 0057 00       		.byte	0
 527 0058 00       		.byte	0
 528 0059 08       		.uleb128 0x8
 529 005a 16       		.uleb128 0x16
 530 005b 00       		.byte	0
 531 005c 03       		.uleb128 0x3
 532 005d 0E       		.uleb128 0xe
 533 005e 3A       		.uleb128 0x3a
 534 005f 0B       		.uleb128 0xb
 535 0060 3B       		.uleb128 0x3b
 536 0061 0B       		.uleb128 0xb
 537 0062 49       		.uleb128 0x49
 538 0063 13       		.uleb128 0x13
 539 0064 00       		.byte	0
 540 0065 00       		.byte	0
 541 0066 09       		.uleb128 0x9
 542 0067 2E       		.uleb128 0x2e
 543 0068 01       		.byte	0x1
 544 0069 3F       		.uleb128 0x3f
 545 006a 19       		.uleb128 0x19
 546 006b 03       		.uleb128 0x3
 547 006c 0E       		.uleb128 0xe
 548 006d 3A       		.uleb128 0x3a
 549 006e 0B       		.uleb128 0xb
 550 006f 3B       		.uleb128 0x3b
 551 0070 0B       		.uleb128 0xb
 552 0071 27       		.uleb128 0x27
ARM GAS  C:\Users\Lenovo\AppData\Local\Temp\ccYgUJTc.s 			page 14


 553 0072 19       		.uleb128 0x19
 554 0073 11       		.uleb128 0x11
 555 0074 01       		.uleb128 0x1
 556 0075 12       		.uleb128 0x12
 557 0076 06       		.uleb128 0x6
 558 0077 40       		.uleb128 0x40
 559 0078 18       		.uleb128 0x18
 560 0079 9742     		.uleb128 0x2117
 561 007b 19       		.uleb128 0x19
 562 007c 01       		.uleb128 0x1
 563 007d 13       		.uleb128 0x13
 564 007e 00       		.byte	0
 565 007f 00       		.byte	0
 566 0080 0A       		.uleb128 0xa
 567 0081 898201   		.uleb128 0x4109
 568 0084 00       		.byte	0
 569 0085 11       		.uleb128 0x11
 570 0086 01       		.uleb128 0x1
 571 0087 31       		.uleb128 0x31
 572 0088 13       		.uleb128 0x13
 573 0089 00       		.byte	0
 574 008a 00       		.byte	0
 575 008b 0B       		.uleb128 0xb
 576 008c 34       		.uleb128 0x34
 577 008d 00       		.byte	0
 578 008e 03       		.uleb128 0x3
 579 008f 0E       		.uleb128 0xe
 580 0090 3A       		.uleb128 0x3a
 581 0091 0B       		.uleb128 0xb
 582 0092 3B       		.uleb128 0x3b
 583 0093 0B       		.uleb128 0xb
 584 0094 49       		.uleb128 0x49
 585 0095 13       		.uleb128 0x13
 586 0096 02       		.uleb128 0x2
 587 0097 18       		.uleb128 0x18
 588 0098 00       		.byte	0
 589 0099 00       		.byte	0
 590 009a 0C       		.uleb128 0xc
 591 009b 2E       		.uleb128 0x2e
 592 009c 00       		.byte	0
 593 009d 3F       		.uleb128 0x3f
 594 009e 19       		.uleb128 0x19
 595 009f 3C       		.uleb128 0x3c
 596 00a0 19       		.uleb128 0x19
 597 00a1 6E       		.uleb128 0x6e
 598 00a2 0E       		.uleb128 0xe
 599 00a3 03       		.uleb128 0x3
 600 00a4 0E       		.uleb128 0xe
 601 00a5 3A       		.uleb128 0x3a
 602 00a6 0B       		.uleb128 0xb
 603 00a7 3B       		.uleb128 0x3b
 604 00a8 0B       		.uleb128 0xb
 605 00a9 00       		.byte	0
 606 00aa 00       		.byte	0
 607 00ab 00       		.byte	0
 608              		.section	.debug_aranges,"",%progbits
 609 0000 34000000 		.4byte	0x34
ARM GAS  C:\Users\Lenovo\AppData\Local\Temp\ccYgUJTc.s 			page 15


 610 0004 0200     		.2byte	0x2
 611 0006 00000000 		.4byte	.Ldebug_info0
 612 000a 04       		.byte	0x4
 613 000b 00       		.byte	0
 614 000c 0000     		.2byte	0
 615 000e 0000     		.2byte	0
 616 0010 00000000 		.4byte	.LFB2
 617 0014 1C000000 		.4byte	.LFE2-.LFB2
 618 0018 00000000 		.4byte	.LFB3
 619 001c 1C000000 		.4byte	.LFE3-.LFB3
 620 0020 00000000 		.4byte	.LFB4
 621 0024 2C000000 		.4byte	.LFE4-.LFB4
 622 0028 00000000 		.4byte	.LFB5
 623 002c 18000000 		.4byte	.LFE5-.LFB5
 624 0030 00000000 		.4byte	0
 625 0034 00000000 		.4byte	0
 626              		.section	.debug_ranges,"",%progbits
 627              	.Ldebug_ranges0:
 628 0000 00000000 		.4byte	.LFB2
 629 0004 1C000000 		.4byte	.LFE2
 630 0008 00000000 		.4byte	.LFB3
 631 000c 1C000000 		.4byte	.LFE3
 632 0010 00000000 		.4byte	.LFB4
 633 0014 2C000000 		.4byte	.LFE4
 634 0018 00000000 		.4byte	.LFB5
 635 001c 18000000 		.4byte	.LFE5
 636 0020 00000000 		.4byte	0
 637 0024 00000000 		.4byte	0
 638              		.section	.debug_line,"",%progbits
 639              	.Ldebug_line0:
 640 0000 A7000000 		.section	.debug_str,"MS",%progbits,1
 640      02004C00 
 640      00000201 
 640      FB0E0D00 
 640      01010101 
 641              	.LASF17:
 642 0000 50574D55 		.ascii	"PWMUdb\000"
 642      646200
 643              	.LASF13:
 644 0007 72656738 		.ascii	"reg8\000"
 644      00
 645              	.LASF18:
 646 000c 50574D50 		.ascii	"PWMPeriod\000"
 646      6572696F 
 646      6400
 647              	.LASF34:
 648 0016 47656E65 		.ascii	"Generated_Source\\PSoC4\\PWM_PM.c\000"
 648      72617465 
 648      645F536F 
 648      75726365 
 648      5C50536F 
 649              	.LASF3:
 650 0036 73686F72 		.ascii	"short unsigned int\000"
 650      7420756E 
 650      7369676E 
 650      65642069 
 650      6E7400
ARM GAS  C:\Users\Lenovo\AppData\Local\Temp\ccYgUJTc.s 			page 16


 651              	.LASF22:
 652 0049 50574D5F 		.ascii	"PWM_RestoreConfig\000"
 652      52657374 
 652      6F726543 
 652      6F6E6669 
 652      6700
 653              	.LASF20:
 654 005b 50574D5F 		.ascii	"PWM_backupStruct\000"
 654      6261636B 
 654      75705374 
 654      72756374 
 654      00
 655              	.LASF9:
 656 006c 666C6F61 		.ascii	"float\000"
 656      7400
 657              	.LASF36:
 658 0072 50574D5F 		.ascii	"PWM_backup\000"
 658      6261636B 
 658      757000
 659              	.LASF1:
 660 007d 756E7369 		.ascii	"unsigned char\000"
 660      676E6564 
 660      20636861 
 660      7200
 661              	.LASF16:
 662 008b 50574D45 		.ascii	"PWMEnableState\000"
 662      6E61626C 
 662      65537461 
 662      746500
 663              	.LASF5:
 664 009a 6C6F6E67 		.ascii	"long unsigned int\000"
 664      20756E73 
 664      69676E65 
 664      6420696E 
 664      7400
 665              	.LASF26:
 666 00ac 50574D5F 		.ascii	"PWM_ReadCounter\000"
 666      52656164 
 666      436F756E 
 666      74657200 
 667              	.LASF12:
 668 00bc 75696E74 		.ascii	"uint8\000"
 668      3800
 669              	.LASF24:
 670 00c2 50574D5F 		.ascii	"PWM_Wakeup\000"
 670      57616B65 
 670      757000
 671              	.LASF19:
 672 00cd 50574D43 		.ascii	"PWMControlRegister\000"
 672      6F6E7472 
 672      6F6C5265 
 672      67697374 
 672      657200
 673              	.LASF10:
 674 00e0 646F7562 		.ascii	"double\000"
 674      6C6500
 675              	.LASF21:
ARM GAS  C:\Users\Lenovo\AppData\Local\Temp\ccYgUJTc.s 			page 17


 676 00e7 50574D5F 		.ascii	"PWM_SaveConfig\000"
 676      53617665 
 676      436F6E66 
 676      696700
 677              	.LASF8:
 678 00f6 756E7369 		.ascii	"unsigned int\000"
 678      676E6564 
 678      20696E74 
 678      00
 679              	.LASF7:
 680 0103 6C6F6E67 		.ascii	"long long unsigned int\000"
 680      206C6F6E 
 680      6720756E 
 680      7369676E 
 680      65642069 
 681              	.LASF23:
 682 011a 50574D5F 		.ascii	"PWM_Sleep\000"
 682      536C6565 
 682      7000
 683              	.LASF33:
 684 0124 474E5520 		.ascii	"GNU C11 5.4.1 20160609 (release) [ARM/embedded-5-br"
 684      43313120 
 684      352E342E 
 684      31203230 
 684      31363036 
 685 0157 616E6368 		.ascii	"anch revision 237715] -mcpu=cortex-m0 -mthumb -g -O"
 685      20726576 
 685      6973696F 
 685      6E203233 
 685      37373135 
 686 018a 67202D66 		.ascii	"g -ffunction-sections -ffat-lto-objects\000"
 686      66756E63 
 686      74696F6E 
 686      2D736563 
 686      74696F6E 
 687              	.LASF28:
 688 01b2 50574D5F 		.ascii	"PWM_WritePeriod\000"
 688      57726974 
 688      65506572 
 688      696F6400 
 689              	.LASF15:
 690 01c2 73697A65 		.ascii	"sizetype\000"
 690      74797065 
 690      00
 691              	.LASF6:
 692 01cb 6C6F6E67 		.ascii	"long long int\000"
 692      206C6F6E 
 692      6720696E 
 692      7400
 693              	.LASF11:
 694 01d9 63686172 		.ascii	"char\000"
 694      00
 695              	.LASF30:
 696 01de 50574D5F 		.ascii	"PWM_WriteControlRegister\000"
 696      57726974 
 696      65436F6E 
 696      74726F6C 
ARM GAS  C:\Users\Lenovo\AppData\Local\Temp\ccYgUJTc.s 			page 18


 696      52656769 
 697              	.LASF25:
 698 01f7 50574D5F 		.ascii	"PWM_ReadPeriod\000"
 698      52656164 
 698      50657269 
 698      6F6400
 699              	.LASF2:
 700 0206 73686F72 		.ascii	"short int\000"
 700      7420696E 
 700      7400
 701              	.LASF29:
 702 0210 50574D5F 		.ascii	"PWM_WriteCounter\000"
 702      57726974 
 702      65436F75 
 702      6E746572 
 702      00
 703              	.LASF35:
 704 0221 443A5C55 		.ascii	"D:\\UCU\\POC\\PSoC_Projects_Embedded\\PSoC_LAB4\\la"
 704      43555C50 
 704      4F435C50 
 704      536F435F 
 704      50726F6A 
 705 024f 62362D70 		.ascii	"b6-psoc-3-shevchuk-lykhanskyi\\Lab_4_1_BLE_Automati"
 705      736F632D 
 705      332D7368 
 705      65766368 
 705      756B2D6C 
 706 0281 6F6E5F49 		.ascii	"on_IO.cydsn\000"
 706      4F2E6379 
 706      64736E00 
 707              	.LASF31:
 708 028d 50574D5F 		.ascii	"PWM_Stop\000"
 708      53746F70 
 708      00
 709              	.LASF4:
 710 0296 6C6F6E67 		.ascii	"long int\000"
 710      20696E74 
 710      00
 711              	.LASF14:
 712 029f 6C6F6E67 		.ascii	"long double\000"
 712      20646F75 
 712      626C6500 
 713              	.LASF27:
 714 02ab 50574D5F 		.ascii	"PWM_ReadControlRegister\000"
 714      52656164 
 714      436F6E74 
 714      726F6C52 
 714      65676973 
 715              	.LASF0:
 716 02c3 7369676E 		.ascii	"signed char\000"
 716      65642063 
 716      68617200 
 717              	.LASF32:
 718 02cf 50574D5F 		.ascii	"PWM_Enable\000"
 718      456E6162 
 718      6C6500
 719              		.ident	"GCC: (GNU Tools for ARM Embedded Processors) 5.4.1 20160609 (release) [ARM/embedded-5-bran
ARM GAS  C:\Users\Lenovo\AppData\Local\Temp\ccYgUJTc.s 			page 19


